16:52:30 **** Build of configuration Debug for project cv2 ****
make -j4 all 
arm-none-eabi-gcc "../Src/main.c" -mcpu=cortex-m0 -std=gnu11 -g3 -DDEBUG -DSTM32F030x8 -DSTM32F030R8Tx -DSTM32 -DSTM32F0 -DNUCLEO_F030R8 -c -I../Inc -I"V:/MKS/MKS/cv1/Device/ST/STM32F0xx/Include" -I"V:/MKS/MKS/cv1/Include" -O0 -ffunction-sections -fdata-sections -Wall -fstack-usage -MMD -MP -MF"Src/main.d" -MT"Src/main.o" --specs=nano.specs -mfloat-abi=soft -mthumb -o "Src/main.o"
arm-none-eabi-gcc -o "cv2.elf" @"objects.list"   -mcpu=cortex-m0 -T"V:\MKS\MKS\cv2\STM32F030R8TX_FLASH.ld" --specs=nosys.specs -Wl,-Map="cv2.map" -Wl,--gc-sections -static --specs=nano.specs -mfloat-abi=soft -mthumb -Wl,--start-group -lc -lm -Wl,--end-group
Finished building target: cv2.elf
 
arm-none-eabi-size   cv2.elf 
arm-none-eabi-objdump -h -S  cv2.elf  > "cv2.list"
   text	   data	    bss	    dec	    hex	filename
   1300	     12	   1580	   2892	    b4c	cv2.elf
Finished building: default.size.stdout
 
Finished building: cv2.list
 

16:52:31 Build Finished. 0 errors, 0 warnings. (took 1s.341ms)

