16:52:31 **** Incremental Build of configuration Debug for project cv3 ****
make -j4 all 
arm-none-eabi-gcc "../Src/main.c" -mcpu=cortex-m0 -std=gnu11 -g3 -DDEBUG -DSTM32F030x8 -DSTM32F030R8Tx -DSTM32 -DSTM32F0 -DNUCLEO_F030R8 -c -I../Inc -I"V:/MKS/MKS/cv1/Device/ST/STM32F0xx/Include" -I"V:/MKS/MKS/cv1/Include" -O0 -ffunction-sections -fdata-sections -Wall -fstack-usage -MMD -MP -MF"Src/main.d" -MT"Src/main.o" --specs=nano.specs -mfloat-abi=soft -mthumb -o "Src/main.o"
arm-none-eabi-gcc "../Src/sct.c" -mcpu=cortex-m0 -std=gnu11 -g3 -DDEBUG -DSTM32F030x8 -DSTM32F030R8Tx -DSTM32 -DSTM32F0 -DNUCLEO_F030R8 -c -I../Inc -I"V:/MKS/MKS/cv1/Device/ST/STM32F0xx/Include" -I"V:/MKS/MKS/cv1/Include" -O0 -ffunction-sections -fdata-sections -Wall -fstack-usage -MMD -MP -MF"Src/sct.d" -MT"Src/sct.o" --specs=nano.specs -mfloat-abi=soft -mthumb -o "Src/sct.o"
arm-none-eabi-gcc -o "cv3.elf" @"objects.list"   -mcpu=cortex-m0 -T"V:\MKS\MKS\cv3\STM32F030R8TX_FLASH.ld" --specs=nosys.specs -Wl,-Map="cv3.map" -Wl,--gc-sections -static --specs=nano.specs -mfloat-abi=soft -mthumb -Wl,--start-group -lc -lm -Wl,--end-group
Finished building target: cv3.elf
 
arm-none-eabi-size   cv3.elf 
arm-none-eabi-objdump -h -S  cv3.elf  > "cv3.list"
   text	   data	    bss	    dec	    hex	filename
   1748	      8	   1568	   3324	    cfc	cv3.elf
Finished building: default.size.stdout
 
Finished building: cv3.list
 

16:52:32 Build Finished. 0 errors, 0 warnings. (took 1s.97ms)

