17:03:17 **** Incremental Build of configuration Debug for project cv_4 ****
make -j4 all 
arm-none-eabi-gcc "../Core/Src/sct.c" -mcpu=cortex-m0 -std=gnu11 -g3 -DDEBUG -DUSE_HAL_DRIVER -DSTM32F030x8 -c -I../Core/Inc -I../Drivers/STM32F0xx_HAL_Driver/Inc -I../Drivers/STM32F0xx_HAL_Driver/Inc/Legacy -I../Drivers/CMSIS/Device/ST/STM32F0xx/Include -I../Drivers/CMSIS/Include -O0 -ffunction-sections -fdata-sections -Wall -fstack-usage -MMD -MP -MF"Core/Src/sct.d" -MT"Core/Src/sct.o" --specs=nano.specs -mfloat-abi=soft -mthumb -o "Core/Src/sct.o"
arm-none-eabi-gcc -o "cv_4.elf" @"objects.list"   -mcpu=cortex-m0 -T"V:\MKS\MKS\cv_4\STM32F030R8TX_FLASH.ld" --specs=nosys.specs -Wl,-Map="cv_4.map" -Wl,--gc-sections -static --specs=nano.specs -mfloat-abi=soft -mthumb -Wl,--start-group -lc -lm -Wl,--end-group
Finished building target: cv_4.elf
 
arm-none-eabi-size   cv_4.elf 
arm-none-eabi-objdump -h -S  cv_4.elf  > "cv_4.list"
   text	   data	    bss	    dec	    hex	filename
  11588	     20	   1804	  13412	   3464	cv_4.elf
Finished building: default.size.stdout
 
Finished building: cv_4.list
 

17:03:20 Build Finished. 0 errors, 0 warnings. (took 2s.786ms)

