16:57:54 **** Incremental Build of configuration Debug for project cv_5 ****
make -j4 all 
arm-none-eabi-gcc "../Core/Src/main.c" -mcpu=cortex-m0 -std=gnu11 -g3 -DDEBUG -DUSE_HAL_DRIVER -DSTM32F030x8 -c -I../Core/Inc -I../Drivers/STM32F0xx_HAL_Driver/Inc -I../Drivers/STM32F0xx_HAL_Driver/Inc/Legacy -I../Drivers/CMSIS/Device/ST/STM32F0xx/Include -I../Drivers/CMSIS/Include -O0 -ffunction-sections -fdata-sections -Wall -fstack-usage -MMD -MP -MF"Core/Src/main.d" -MT"Core/Src/main.o" --specs=nano.specs -mfloat-abi=soft -mthumb -o "Core/Src/main.o"
arm-none-eabi-gcc -o "cv_5.elf" @"objects.list"   -mcpu=cortex-m0 -T"V:\MKS\MKS\cv_5\STM32F030R8TX_FLASH.ld" --specs=nosys.specs -Wl,-Map="cv_5.map" -Wl,--gc-sections -static --specs=nano.specs -mfloat-abi=soft -mthumb -Wl,--start-group -lc -lm -Wl,--end-group
Finished building target: cv_5.elf
 
arm-none-eabi-size   cv_5.elf 
arm-none-eabi-objdump -h -S  cv_5.elf  > "cv_5.list"
   text	   data	    bss	    dec	    hex	filename
  21572	    120	   2200	  23892	   5d54	cv_5.elf
Finished building: default.size.stdout
 
Finished building: cv_5.list
 

16:57:57 Build Finished. 0 errors, 0 warnings. (took 3s.91ms)

