12:37:25 **** Build of configuration Debug for project cv1 ****
make -j4 all 
arm-none-eabi-gcc -mcpu=cortex-m0 -g3 -DDEBUG -c -x assembler-with-cpp -MMD -MP -MF"Startup/startup_stm32f030r8tx.d" -MT"Startup/startup_stm32f030r8tx.o" --specs=nano.specs -mfloat-abi=soft -mthumb -o "Startup/startup_stm32f030r8tx.o" "../Startup/startup_stm32f030r8tx.s"
arm-none-eabi-gcc "../Src/main.c" -mcpu=cortex-m0 -std=gnu11 -g3 -DDEBUG -DSTM32F030x8 -DSTM32F030R8Tx -DSTM32 -DSTM32F0 -DNUCLEO_F030R8 -c -I../Inc -I"V:/MKS/MKS/cv1/Device/ST/STM32F0xx/Include" -I"V:/MKS/MKS/cv1/Include" -O0 -ffunction-sections -fdata-sections -Wall -fstack-usage -MMD -MP -MF"Src/main.d" -MT"Src/main.o" --specs=nano.specs -mfloat-abi=soft -mthumb -o "Src/main.o"
arm-none-eabi-gcc "../Src/syscalls.c" -mcpu=cortex-m0 -std=gnu11 -g3 -DDEBUG -DSTM32F030x8 -DSTM32F030R8Tx -DSTM32 -DSTM32F0 -DNUCLEO_F030R8 -c -I../Inc -I"V:/MKS/MKS/cv1/Device/ST/STM32F0xx/Include" -I"V:/MKS/MKS/cv1/Include" -O0 -ffunction-sections -fdata-sections -Wall -fstack-usage -MMD -MP -MF"Src/syscalls.d" -MT"Src/syscalls.o" --specs=nano.specs -mfloat-abi=soft -mthumb -o "Src/syscalls.o"
arm-none-eabi-gcc "../Src/sysmem.c" -mcpu=cortex-m0 -std=gnu11 -g3 -DDEBUG -DSTM32F030x8 -DSTM32F030R8Tx -DSTM32 -DSTM32F0 -DNUCLEO_F030R8 -c -I../Inc -I"V:/MKS/MKS/cv1/Device/ST/STM32F0xx/Include" -I"V:/MKS/MKS/cv1/Include" -O0 -ffunction-sections -fdata-sections -Wall -fstack-usage -MMD -MP -MF"Src/sysmem.d" -MT"Src/sysmem.o" --specs=nano.specs -mfloat-abi=soft -mthumb -o "Src/sysmem.o"
arm-none-eabi-gcc "../Src/system_stm32f0xx.c" -mcpu=cortex-m0 -std=gnu11 -g3 -DDEBUG -DSTM32F030x8 -DSTM32F030R8Tx -DSTM32 -DSTM32F0 -DNUCLEO_F030R8 -c -I../Inc -I"V:/MKS/MKS/cv1/Device/ST/STM32F0xx/Include" -I"V:/MKS/MKS/cv1/Include" -O0 -ffunction-sections -fdata-sections -Wall -fstack-usage -MMD -MP -MF"Src/system_stm32f0xx.d" -MT"Src/system_stm32f0xx.o" --specs=nano.specs -mfloat-abi=soft -mthumb -o "Src/system_stm32f0xx.o"
arm-none-eabi-gcc -o "cv1.elf" @"objects.list"   -mcpu=cortex-m0 -T"V:\MKS\MKS\cv1\STM32F030R8TX_FLASH.ld" --specs=nosys.specs -Wl,-Map="cv1.map" -Wl,--gc-sections -static --specs=nano.specs -mfloat-abi=soft -mthumb -Wl,--start-group -lc -lm -Wl,--end-group
Finished building target: cv1.elf
 
arm-none-eabi-size   cv1.elf 
arm-none-eabi-objdump -h -S  cv1.elf  > "cv1.list"
   text	   data	    bss	    dec	    hex	filename
    588	      8	   1568	   2164	    874	cv1.elf
Finished building: default.size.stdout
 
Finished building: cv1.list
 
12:55:25 **** Incremental Build of configuration Debug for project cv1 ****
make -j4 all 
arm-none-eabi-gcc "../Src/main.c" -mcpu=cortex-m0 -std=gnu11 -g3 -DDEBUG -DSTM32F030x8 -DSTM32F030R8Tx -DSTM32 -DSTM32F0 -DNUCLEO_F030R8 -c -I../Inc -I"V:/MKS/MKS/cv1/Device/ST/STM32F0xx/Include" -I"V:/MKS/MKS/cv1/Include" -O0 -ffunction-sections -fdata-sections -Wall -fstack-usage -MMD -MP -MF"Src/main.d" -MT"Src/main.o" --specs=nano.specs -mfloat-abi=soft -mthumb -o "Src/main.o"
../Src/main.c: In function 'main':
../Src/main.c:29:2: error: 'GPIO' undeclared (first use in this function); did you mean 'GPIOC'?
   29 |  GPIO->MODER |= GPIO_MODER_MODER5_0;
      |  ^~~~
      |  GPIOC
../Src/main.c:29:2: note: each undeclared identifier is reported only once for each function it appears in
make: *** [Src/subdir.mk:28: Src/main.o] Error 1
"make -j4 all" terminated with exit code 2. Build might be incomplete.
12:55:54 **** Incremental Build of configuration Debug for project cv1 ****
make -j4 all 
arm-none-eabi-gcc "../Src/main.c" -mcpu=cortex-m0 -std=gnu11 -g3 -DDEBUG -DSTM32F030x8 -DSTM32F030R8Tx -DSTM32 -DSTM32F0 -DNUCLEO_F030R8 -c -I../Inc -I"V:/MKS/MKS/cv1/Device/ST/STM32F0xx/Include" -I"V:/MKS/MKS/cv1/Include" -O0 -ffunction-sections -fdata-sections -Wall -fstack-usage -MMD -MP -MF"Src/main.d" -MT"Src/main.o" --specs=nano.specs -mfloat-abi=soft -mthumb -o "Src/main.o"
arm-none-eabi-gcc -o "cv1.elf" @"objects.list"   -mcpu=cortex-m0 -T"V:\MKS\MKS\cv1\STM32F030R8TX_FLASH.ld" --specs=nosys.specs -Wl,-Map="cv1.map" -Wl,--gc-sections -static --specs=nano.specs -mfloat-abi=soft -mthumb -Wl,--start-group -lc -lm -Wl,--end-group
Finished building target: cv1.elf
 
arm-none-eabi-size   cv1.elf 
arm-none-eabi-objdump -h -S  cv1.elf  > "cv1.list"
   text	   data	    bss	    dec	    hex	filename
    684	      8	   1568	   2260	    8d4	cv1.elf
Finished building: default.size.stdout
 
Finished building: cv1.list
 
12:56:39 **** Incremental Build of configuration Debug for project cv1 ****
make -j4 all 
arm-none-eabi-size   cv1.elf 
   text	   data	    bss	    dec	    hex	filename
    684	      8	   1568	   2260	    8d4	cv1.elf
Finished building: default.size.stdout
 
13:07:49 **** Incremental Build of configuration Debug for project cv1 ****
make -j4 all 
arm-none-eabi-gcc "../Src/main.c" -mcpu=cortex-m0 -std=gnu11 -g3 -DDEBUG -DSTM32F030x8 -DSTM32F030R8Tx -DSTM32 -DSTM32F0 -DNUCLEO_F030R8 -c -I../Inc -I"V:/MKS/MKS/cv1/Device/ST/STM32F0xx/Include" -I"V:/MKS/MKS/cv1/Include" -O0 -ffunction-sections -fdata-sections -Wall -fstack-usage -MMD -MP -MF"Src/main.d" -MT"Src/main.o" --specs=nano.specs -mfloat-abi=soft -mthumb -o "Src/main.o"
../Src/main.c: In function 'main':
../Src/main.c:31:21: error: invalid initializer
   31 |  uint8_t pole[32] = 0b10101001110111011100101010000000;
      |                     ^~~~~~~~~~~~~~~~~~~~~~~~~~~~~~~~~~
../Src/main.c:36:26: warning: implicit declaration of function 'length' [-Wimplicit-function-declaration]
   36 |   for(uint8_t i = 0; i < length(pole); i++)
      |                          ^~~~~~
../Src/main.c:38:50: error: lvalue required as left operand of assignment
   38 |    pole[i] ? GPIOA->BSRR = (1 << 5) : GPIOA->BRR = (1 << 5);
      |                                                  ^
make: *** [Src/subdir.mk:28: Src/main.o] Error 1
"make -j4 all" terminated with exit code 2. Build might be incomplete.
13:09:33 **** Incremental Build of configuration Debug for project cv1 ****
make -j4 all 
arm-none-eabi-gcc "../Src/main.c" -mcpu=cortex-m0 -std=gnu11 -g3 -DDEBUG -DSTM32F030x8 -DSTM32F030R8Tx -DSTM32 -DSTM32F0 -DNUCLEO_F030R8 -c -I../Inc -I"V:/MKS/MKS/cv1/Device/ST/STM32F0xx/Include" -I"V:/MKS/MKS/cv1/Include" -O0 -ffunction-sections -fdata-sections -Wall -fstack-usage -MMD -MP -MF"Src/main.d" -MT"Src/main.o" --specs=nano.specs -mfloat-abi=soft -mthumb -o "Src/main.o"
../Src/main.c: In function 'main':
../Src/main.c:31:21: error: invalid initializer
   31 |  uint8_t pole[32] = 0b10101001110111011100101010000000;
      |                     ^~~~~~~~~~~~~~~~~~~~~~~~~~~~~~~~~~
../Src/main.c:39:50: error: lvalue required as left operand of assignment
   39 |    pole[i] ? GPIOA->BSRR = (1 << 5) : GPIOA->BRR = (1 << 5);
      |                                                  ^
make: *** [Src/subdir.mk:28: Src/main.o] Error 1
"make -j4 all" terminated with exit code 2. Build might be incomplete.
13:11:38 **** Incremental Build of configuration Debug for project cv1 ****
make -j4 all 
arm-none-eabi-gcc "../Src/main.c" -mcpu=cortex-m0 -std=gnu11 -g3 -DDEBUG -DSTM32F030x8 -DSTM32F030R8Tx -DSTM32 -DSTM32F0 -DNUCLEO_F030R8 -c -I../Inc -I"V:/MKS/MKS/cv1/Device/ST/STM32F0xx/Include" -I"V:/MKS/MKS/cv1/Include" -O0 -ffunction-sections -fdata-sections -Wall -fstack-usage -MMD -MP -MF"Src/main.d" -MT"Src/main.o" --specs=nano.specs -mfloat-abi=soft -mthumb -o "Src/main.o"
../Src/main.c: In function 'main':
../Src/main.c:31:22: warning: conversion from 'unsigned int' to 'unsigned char' changes value from '2849884800' to '128' [-Woverflow]
   31 |  uint8_t pole[32] = {0b10101001110111011100101010000000};
      |                      ^~~~~~~~~~~~~~~~~~~~~~~~~~~~~~~~~~
../Src/main.c:39:50: error: lvalue required as left operand of assignment
   39 |    pole[i] ? GPIOA->BSRR = (1 << 5) : GPIOA->BRR = (1 << 5);
      |                                                  ^
make: *** [Src/subdir.mk:28: Src/main.o] Error 1
"make -j4 all" terminated with exit code 2. Build might be incomplete.
13:13:06 **** Incremental Build of configuration Debug for project cv1 ****
make -j4 all 
arm-none-eabi-gcc "../Src/main.c" -mcpu=cortex-m0 -std=gnu11 -g3 -DDEBUG -DSTM32F030x8 -DSTM32F030R8Tx -DSTM32 -DSTM32F0 -DNUCLEO_F030R8 -c -I../Inc -I"V:/MKS/MKS/cv1/Device/ST/STM32F0xx/Include" -I"V:/MKS/MKS/cv1/Include" -O0 -ffunction-sections -fdata-sections -Wall -fstack-usage -MMD -MP -MF"Src/main.d" -MT"Src/main.o" --specs=nano.specs -mfloat-abi=soft -mthumb -o "Src/main.o"
../Src/main.c: In function 'main':
../Src/main.c:40:50: error: lvalue required as left operand of assignment
   40 |    pole[i] ? GPIOA->BSRR = (1 << 5) : GPIOA->BRR = (1 << 5);
      |                                                  ^
make: *** [Src/subdir.mk:28: Src/main.o] Error 1
"make -j4 all" terminated with exit code 2. Build might be incomplete.
13:14:16 **** Incremental Build of configuration Debug for project cv1 ****
make -j4 all 
arm-none-eabi-gcc "../Src/main.c" -mcpu=cortex-m0 -std=gnu11 -g3 -DDEBUG -DSTM32F030x8 -DSTM32F030R8Tx -DSTM32 -DSTM32F0 -DNUCLEO_F030R8 -c -I../Inc -I"V:/MKS/MKS/cv1/Device/ST/STM32F0xx/Include" -I"V:/MKS/MKS/cv1/Include" -O0 -ffunction-sections -fdata-sections -Wall -fstack-usage -MMD -MP -MF"Src/main.d" -MT"Src/main.o" --specs=nano.specs -mfloat-abi=soft -mthumb -o "Src/main.o"
arm-none-eabi-gcc -o "cv1.elf" @"objects.list"   -mcpu=cortex-m0 -T"V:\MKS\MKS\cv1\STM32F030R8TX_FLASH.ld" --specs=nosys.specs -Wl,-Map="cv1.map" -Wl,--gc-sections -static --specs=nano.specs -mfloat-abi=soft -mthumb -Wl,--start-group -lc -lm -Wl,--end-group
Finished building target: cv1.elf
 
arm-none-eabi-size   cv1.elf 
arm-none-eabi-objdump -h -S  cv1.elf  > "cv1.list"
   text	   data	    bss	    dec	    hex	filename
    764	      8	   1568	   2340	    924	cv1.elf
Finished building: default.size.stdout
 
Finished building: cv1.list
 
13:21:16 **** Incremental Build of configuration Debug for project cv1 ****
make -j4 all 
arm-none-eabi-gcc "../Src/main.c" -mcpu=cortex-m0 -std=gnu11 -g3 -DDEBUG -DSTM32F030x8 -DSTM32F030R8Tx -DSTM32 -DSTM32F0 -DNUCLEO_F030R8 -c -I../Inc -I"V:/MKS/MKS/cv1/Device/ST/STM32F0xx/Include" -I"V:/MKS/MKS/cv1/Include" -O0 -ffunction-sections -fdata-sections -Wall -fstack-usage -MMD -MP -MF"Src/main.d" -MT"Src/main.o" --specs=nano.specs -mfloat-abi=soft -mthumb -o "Src/main.o"
arm-none-eabi-gcc -o "cv1.elf" @"objects.list"   -mcpu=cortex-m0 -T"V:\MKS\MKS\cv1\STM32F030R8TX_FLASH.ld" --specs=nosys.specs -Wl,-Map="cv1.map" -Wl,--gc-sections -static --specs=nano.specs -mfloat-abi=soft -mthumb -Wl,--start-group -lc -lm -Wl,--end-group
Finished building target: cv1.elf
 
arm-none-eabi-size   cv1.elf 
arm-none-eabi-objdump -h -S  cv1.elf  > "cv1.list"
   text	   data	    bss	    dec	    hex	filename
    860	      8	   1568	   2436	    984	cv1.elf
Finished building: default.size.stdout
 
Finished building: cv1.list
 
13:23:22 **** Incremental Build of configuration Debug for project cv1 ****
make -j4 all 
arm-none-eabi-gcc "../Src/main.c" -mcpu=cortex-m0 -std=gnu11 -g3 -DDEBUG -DSTM32F030x8 -DSTM32F030R8Tx -DSTM32 -DSTM32F0 -DNUCLEO_F030R8 -c -I../Inc -I"V:/MKS/MKS/cv1/Device/ST/STM32F0xx/Include" -I"V:/MKS/MKS/cv1/Include" -O0 -ffunction-sections -fdata-sections -Wall -fstack-usage -MMD -MP -MF"Src/main.d" -MT"Src/main.o" --specs=nano.specs -mfloat-abi=soft -mthumb -o "Src/main.o"
../Src/main.c: In function 'main':
../Src/main.c:31:10: warning: unused variable 'pole' [-Wunused-variable]
   31 |  uint8_t pole[32] = {1, 0, 1, 0, 1, 0, 0, 1, 1, 1, 0, 1,
      |          ^~~~
arm-none-eabi-gcc -o "cv1.elf" @"objects.list"   -mcpu=cortex-m0 -T"V:\MKS\MKS\cv1\STM32F030R8TX_FLASH.ld" --specs=nosys.specs -Wl,-Map="cv1.map" -Wl,--gc-sections -static --specs=nano.specs -mfloat-abi=soft -mthumb -Wl,--start-group -lc -lm -Wl,--end-group
Finished building target: cv1.elf
 
arm-none-eabi-size   cv1.elf 
arm-none-eabi-objdump -h -S  cv1.elf  > "cv1.list"
   text	   data	    bss	    dec	    hex	filename
    772	      8	   1568	   2348	    92c	cv1.elf
Finished building: default.size.stdout
 
Finished building: cv1.list
 
13:24:21 **** Incremental Build of configuration Debug for project cv1 ****
make -j4 all 
arm-none-eabi-gcc "../Src/main.c" -mcpu=cortex-m0 -std=gnu11 -g3 -DDEBUG -DSTM32F030x8 -DSTM32F030R8Tx -DSTM32 -DSTM32F0 -DNUCLEO_F030R8 -c -I../Inc -I"V:/MKS/MKS/cv1/Device/ST/STM32F0xx/Include" -I"V:/MKS/MKS/cv1/Include" -O0 -ffunction-sections -fdata-sections -Wall -fstack-usage -MMD -MP -MF"Src/main.d" -MT"Src/main.o" --specs=nano.specs -mfloat-abi=soft -mthumb -o "Src/main.o"
../Src/main.c: In function 'main':
../Src/main.c:31:10: warning: unused variable 'pole' [-Wunused-variable]
   31 |  uint8_t pole[32] = {1, 0, 1, 0, 1, 0, 0, 1, 1, 1, 0, 1,
      |          ^~~~
arm-none-eabi-gcc -o "cv1.elf" @"objects.list"   -mcpu=cortex-m0 -T"V:\MKS\MKS\cv1\STM32F030R8TX_FLASH.ld" --specs=nosys.specs -Wl,-Map="cv1.map" -Wl,--gc-sections -static --specs=nano.specs -mfloat-abi=soft -mthumb -Wl,--start-group -lc -lm -Wl,--end-group
Finished building target: cv1.elf
 
arm-none-eabi-size   cv1.elf 
arm-none-eabi-objdump -h -S  cv1.elf  > "cv1.list"
   text	   data	    bss	    dec	    hex	filename
    772	      8	   1568	   2348	    92c	cv1.elf
Finished building: default.size.stdout
 
Finished building: cv1.list
 
13:25:11 **** Incremental Build of configuration Debug for project cv1 ****
make -j4 all 
arm-none-eabi-gcc "../Src/main.c" -mcpu=cortex-m0 -std=gnu11 -g3 -DDEBUG -DSTM32F030x8 -DSTM32F030R8Tx -DSTM32 -DSTM32F0 -DNUCLEO_F030R8 -c -I../Inc -I"V:/MKS/MKS/cv1/Device/ST/STM32F0xx/Include" -I"V:/MKS/MKS/cv1/Include" -O0 -ffunction-sections -fdata-sections -Wall -fstack-usage -MMD -MP -MF"Src/main.d" -MT"Src/main.o" --specs=nano.specs -mfloat-abi=soft -mthumb -o "Src/main.o"
../Src/main.c: In function 'main':
../Src/main.c:31:10: warning: unused variable 'pole' [-Wunused-variable]
   31 |  uint8_t pole[32] = {1, 0, 1, 0, 1, 0, 0, 1, 1, 1, 0, 1,
      |          ^~~~
arm-none-eabi-gcc -o "cv1.elf" @"objects.list"   -mcpu=cortex-m0 -T"V:\MKS\MKS\cv1\STM32F030R8TX_FLASH.ld" --specs=nosys.specs -Wl,-Map="cv1.map" -Wl,--gc-sections -static --specs=nano.specs -mfloat-abi=soft -mthumb -Wl,--start-group -lc -lm -Wl,--end-group
Finished building target: cv1.elf
 
arm-none-eabi-size   cv1.elf 
arm-none-eabi-objdump -h -S  cv1.elf  > "cv1.list"
   text	   data	    bss	    dec	    hex	filename
    772	      8	   1568	   2348	    92c	cv1.elf
Finished building: default.size.stdout
 
Finished building: cv1.list
 
13:25:54 **** Incremental Build of configuration Debug for project cv1 ****
make -j4 all 
arm-none-eabi-gcc "../Src/main.c" -mcpu=cortex-m0 -std=gnu11 -g3 -DDEBUG -DSTM32F030x8 -DSTM32F030R8Tx -DSTM32 -DSTM32F0 -DNUCLEO_F030R8 -c -I../Inc -I"V:/MKS/MKS/cv1/Device/ST/STM32F0xx/Include" -I"V:/MKS/MKS/cv1/Include" -O0 -ffunction-sections -fdata-sections -Wall -fstack-usage -MMD -MP -MF"Src/main.d" -MT"Src/main.o" --specs=nano.specs -mfloat-abi=soft -mthumb -o "Src/main.o"
../Src/main.c: In function 'main':
../Src/main.c:31:10: warning: unused variable 'pole' [-Wunused-variable]
   31 |  uint8_t pole[32] = {1, 0, 1, 0, 1, 0, 0, 1, 1, 1, 0, 1,
      |          ^~~~
arm-none-eabi-gcc -o "cv1.elf" @"objects.list"   -mcpu=cortex-m0 -T"V:\MKS\MKS\cv1\STM32F030R8TX_FLASH.ld" --specs=nosys.specs -Wl,-Map="cv1.map" -Wl,--gc-sections -static --specs=nano.specs -mfloat-abi=soft -mthumb -Wl,--start-group -lc -lm -Wl,--end-group
Finished building target: cv1.elf
 
arm-none-eabi-size   cv1.elf 
arm-none-eabi-objdump -h -S  cv1.elf  > "cv1.list"
   text	   data	    bss	    dec	    hex	filename
    772	      8	   1568	   2348	    92c	cv1.elf
Finished building: default.size.stdout
 
Finished building: cv1.list
 
13:26:46 **** Incremental Build of configuration Debug for project cv1 ****
make -j4 all 
arm-none-eabi-gcc "../Src/main.c" -mcpu=cortex-m0 -std=gnu11 -g3 -DDEBUG -DSTM32F030x8 -DSTM32F030R8Tx -DSTM32 -DSTM32F0 -DNUCLEO_F030R8 -c -I../Inc -I"V:/MKS/MKS/cv1/Device/ST/STM32F0xx/Include" -I"V:/MKS/MKS/cv1/Include" -O0 -ffunction-sections -fdata-sections -Wall -fstack-usage -MMD -MP -MF"Src/main.d" -MT"Src/main.o" --specs=nano.specs -mfloat-abi=soft -mthumb -o "Src/main.o"
../Src/main.c: In function 'main':
../Src/main.c:31:10: warning: unused variable 'pole' [-Wunused-variable]
   31 |  uint8_t pole[32] = {1, 0, 1, 0, 1, 0, 0, 1, 1, 1, 0, 1,
      |          ^~~~
arm-none-eabi-gcc -o "cv1.elf" @"objects.list"   -mcpu=cortex-m0 -T"V:\MKS\MKS\cv1\STM32F030R8TX_FLASH.ld" --specs=nosys.specs -Wl,-Map="cv1.map" -Wl,--gc-sections -static --specs=nano.specs -mfloat-abi=soft -mthumb -Wl,--start-group -lc -lm -Wl,--end-group
Finished building target: cv1.elf
 
arm-none-eabi-size   cv1.elf 
arm-none-eabi-objdump -h -S  cv1.elf  > "cv1.list"
   text	   data	    bss	    dec	    hex	filename
    772	      8	   1568	   2348	    92c	cv1.elf
Finished building: default.size.stdout
 
Finished building: cv1.list
 
13:29:02 **** Incremental Build of configuration Debug for project cv1 ****
make -j4 all 
arm-none-eabi-gcc "../Src/main.c" -mcpu=cortex-m0 -std=gnu11 -g3 -DDEBUG -DSTM32F030x8 -DSTM32F030R8Tx -DSTM32 -DSTM32F0 -DNUCLEO_F030R8 -c -I../Inc -I"V:/MKS/MKS/cv1/Device/ST/STM32F0xx/Include" -I"V:/MKS/MKS/cv1/Include" -O0 -ffunction-sections -fdata-sections -Wall -fstack-usage -MMD -MP -MF"Src/main.d" -MT"Src/main.o" --specs=nano.specs -mfloat-abi=soft -mthumb -o "Src/main.o"
arm-none-eabi-gcc -o "cv1.elf" @"objects.list"   -mcpu=cortex-m0 -T"V:\MKS\MKS\cv1\STM32F030R8TX_FLASH.ld" --specs=nosys.specs -Wl,-Map="cv1.map" -Wl,--gc-sections -static --specs=nano.specs -mfloat-abi=soft -mthumb -Wl,--start-group -lc -lm -Wl,--end-group
Finished building target: cv1.elf
 
arm-none-eabi-size   cv1.elf 
arm-none-eabi-objdump -h -S  cv1.elf  > "cv1.list"
   text	   data	    bss	    dec	    hex	filename
    860	      8	   1568	   2436	    984	cv1.elf
Finished building: default.size.stdout
 
Finished building: cv1.list
 
13:31:46 **** Incremental Build of configuration Debug for project cv1 ****
make -j4 all 
arm-none-eabi-gcc "../Src/main.c" -mcpu=cortex-m0 -std=gnu11 -g3 -DDEBUG -DSTM32F030x8 -DSTM32F030R8Tx -DSTM32 -DSTM32F0 -DNUCLEO_F030R8 -c -I../Inc -I"V:/MKS/MKS/cv1/Device/ST/STM32F0xx/Include" -I"V:/MKS/MKS/cv1/Include" -O0 -ffunction-sections -fdata-sections -Wall -fstack-usage -MMD -MP -MF"Src/main.d" -MT"Src/main.o" --specs=nano.specs -mfloat-abi=soft -mthumb -o "Src/main.o"
../Src/main.c: In function 'main':
../Src/main.c:53:28: error: initializer element is not constant
   53 |    static uint8_t result = (morse_code >> 1) & (uint8_t)1;
      |                            ^
../Src/main.c:53:19: warning: unused variable 'result' [-Wunused-variable]
   53 |    static uint8_t result = (morse_code >> 1) & (uint8_t)1;
      |                   ^~~~~~
At top level:
../Src/main.c:53:19: warning: 'result' defined but not used [-Wunused-variable]
make: *** [Src/subdir.mk:28: Src/main.o] Error 1
"make -j4 all" terminated with exit code 2. Build might be incomplete.
13:32:11 **** Incremental Build of configuration Debug for project cv1 ****
make -j4 all 
arm-none-eabi-gcc "../Src/main.c" -mcpu=cortex-m0 -std=gnu11 -g3 -DDEBUG -DSTM32F030x8 -DSTM32F030R8Tx -DSTM32 -DSTM32F0 -DNUCLEO_F030R8 -c -I../Inc -I"V:/MKS/MKS/cv1/Device/ST/STM32F0xx/Include" -I"V:/MKS/MKS/cv1/Include" -O0 -ffunction-sections -fdata-sections -Wall -fstack-usage -MMD -MP -MF"Src/main.d" -MT"Src/main.o" --specs=nano.specs -mfloat-abi=soft -mthumb -o "Src/main.o"
../Src/main.c: In function 'main':
../Src/main.c:53:28: error: initializer element is not constant
   53 |    static uint8_t result = (morse_code >> 1) & (uint8_t)1;
      |                            ^
../Src/main.c:31:10: warning: unused variable 'pole' [-Wunused-variable]
   31 |  uint8_t pole[32] = {1, 0, 1, 0, 1, 0, 0, 1, 1, 1, 0, 1,
      |          ^~~~
make: *** [Src/subdir.mk:28: Src/main.o] Error 1
"make -j4 all" terminated with exit code 2. Build might be incomplete.
13:32:54 **** Incremental Build of configuration Debug for project cv1 ****
make -j4 all 
arm-none-eabi-gcc "../Src/main.c" -mcpu=cortex-m0 -std=gnu11 -g3 -DDEBUG -DSTM32F030x8 -DSTM32F030R8Tx -DSTM32 -DSTM32F0 -DNUCLEO_F030R8 -c -I../Inc -I"V:/MKS/MKS/cv1/Device/ST/STM32F0xx/Include" -I"V:/MKS/MKS/cv1/Include" -O0 -ffunction-sections -fdata-sections -Wall -fstack-usage -MMD -MP -MF"Src/main.d" -MT"Src/main.o" --specs=nano.specs -mfloat-abi=soft -mthumb -o "Src/main.o"
../Src/main.c: In function 'main':
../Src/main.c:31:10: warning: unused variable 'pole' [-Wunused-variable]
   31 |  uint8_t pole[32] = {1, 0, 1, 0, 1, 0, 0, 1, 1, 1, 0, 1,
      |          ^~~~
arm-none-eabi-gcc -o "cv1.elf" @"objects.list"   -mcpu=cortex-m0 -T"V:\MKS\MKS\cv1\STM32F030R8TX_FLASH.ld" --specs=nosys.specs -Wl,-Map="cv1.map" -Wl,--gc-sections -static --specs=nano.specs -mfloat-abi=soft -mthumb -Wl,--start-group -lc -lm -Wl,--end-group
Finished building target: cv1.elf
 
arm-none-eabi-size   cv1.elf 
arm-none-eabi-objdump -h -S  cv1.elf  > "cv1.list"
   text	   data	    bss	    dec	    hex	filename
    792	      8	   1568	   2368	    940	cv1.elf
Finished building: default.size.stdout
 
Finished building: cv1.list
 
13:33:31 **** Incremental Build of configuration Debug for project cv1 ****
make -j4 all 
arm-none-eabi-gcc "../Src/main.c" -mcpu=cortex-m0 -std=gnu11 -g3 -DDEBUG -DSTM32F030x8 -DSTM32F030R8Tx -DSTM32 -DSTM32F0 -DNUCLEO_F030R8 -c -I../Inc -I"V:/MKS/MKS/cv1/Device/ST/STM32F0xx/Include" -I"V:/MKS/MKS/cv1/Include" -O0 -ffunction-sections -fdata-sections -Wall -fstack-usage -MMD -MP -MF"Src/main.d" -MT"Src/main.o" --specs=nano.specs -mfloat-abi=soft -mthumb -o "Src/main.o"
../Src/main.c: In function 'main':
../Src/main.c:31:10: warning: unused variable 'pole' [-Wunused-variable]
   31 |  uint8_t pole[32] = {1, 0, 1, 0, 1, 0, 0, 1, 1, 1, 0, 1,
      |          ^~~~
arm-none-eabi-gcc -o "cv1.elf" @"objects.list"   -mcpu=cortex-m0 -T"V:\MKS\MKS\cv1\STM32F030R8TX_FLASH.ld" --specs=nosys.specs -Wl,-Map="cv1.map" -Wl,--gc-sections -static --specs=nano.specs -mfloat-abi=soft -mthumb -Wl,--start-group -lc -lm -Wl,--end-group
Finished building target: cv1.elf
 
arm-none-eabi-size   cv1.elf 
arm-none-eabi-objdump -h -S  cv1.elf  > "cv1.list"
   text	   data	    bss	    dec	    hex	filename
    792	      8	   1568	   2368	    940	cv1.elf
Finished building: default.size.stdout
 
Finished building: cv1.list
 
13:34:50 **** Incremental Build of configuration Debug for project cv1 ****
make -j4 all 
arm-none-eabi-gcc "../Src/main.c" -mcpu=cortex-m0 -std=gnu11 -g3 -DDEBUG -DSTM32F030x8 -DSTM32F030R8Tx -DSTM32 -DSTM32F0 -DNUCLEO_F030R8 -c -I../Inc -I"V:/MKS/MKS/cv1/Device/ST/STM32F0xx/Include" -I"V:/MKS/MKS/cv1/Include" -O0 -ffunction-sections -fdata-sections -Wall -fstack-usage -MMD -MP -MF"Src/main.d" -MT"Src/main.o" --specs=nano.specs -mfloat-abi=soft -mthumb -o "Src/main.o"
../Src/main.c: In function 'main':
../Src/main.c:31:10: warning: unused variable 'pole' [-Wunused-variable]
   31 |  uint8_t pole[32] = {1, 0, 1, 0, 1, 0, 0, 1, 1, 1, 0, 1,
      |          ^~~~
arm-none-eabi-gcc -o "cv1.elf" @"objects.list"   -mcpu=cortex-m0 -T"V:\MKS\MKS\cv1\STM32F030R8TX_FLASH.ld" --specs=nosys.specs -Wl,-Map="cv1.map" -Wl,--gc-sections -static --specs=nano.specs -mfloat-abi=soft -mthumb -Wl,--start-group -lc -lm -Wl,--end-group
Finished building target: cv1.elf
 
arm-none-eabi-size   cv1.elf 
arm-none-eabi-objdump -h -S  cv1.elf  > "cv1.list"
   text	   data	    bss	    dec	    hex	filename
    784	      8	   1568	   2360	    938	cv1.elf
Finished building: default.size.stdout
 
Finished building: cv1.list
 
13:36:00 **** Incremental Build of configuration Debug for project cv1 ****
make -j4 all 
arm-none-eabi-gcc "../Src/main.c" -mcpu=cortex-m0 -std=gnu11 -g3 -DDEBUG -DSTM32F030x8 -DSTM32F030R8Tx -DSTM32 -DSTM32F0 -DNUCLEO_F030R8 -c -I../Inc -I"V:/MKS/MKS/cv1/Device/ST/STM32F0xx/Include" -I"V:/MKS/MKS/cv1/Include" -O0 -ffunction-sections -fdata-sections -Wall -fstack-usage -MMD -MP -MF"Src/main.d" -MT"Src/main.o" --specs=nano.specs -mfloat-abi=soft -mthumb -o "Src/main.o"
../Src/main.c: In function 'main':
../Src/main.c:31:10: warning: unused variable 'pole' [-Wunused-variable]
   31 |  uint8_t pole[32] = {1, 0, 1, 0, 1, 0, 0, 1, 1, 1, 0, 1,
      |          ^~~~
arm-none-eabi-gcc -o "cv1.elf" @"objects.list"   -mcpu=cortex-m0 -T"V:\MKS\MKS\cv1\STM32F030R8TX_FLASH.ld" --specs=nosys.specs -Wl,-Map="cv1.map" -Wl,--gc-sections -static --specs=nano.specs -mfloat-abi=soft -mthumb -Wl,--start-group -lc -lm -Wl,--end-group
Finished building target: cv1.elf
 
arm-none-eabi-size   cv1.elf 
arm-none-eabi-objdump -h -S  cv1.elf  > "cv1.list"
   text	   data	    bss	    dec	    hex	filename
    796	      8	   1568	   2372	    944	cv1.elf
Finished building: default.size.stdout
 
Finished building: cv1.list
 
13:37:51 **** Incremental Build of configuration Debug for project cv1 ****
make -j4 all 
arm-none-eabi-gcc "../Src/main.c" -mcpu=cortex-m0 -std=gnu11 -g3 -DDEBUG -DSTM32F030x8 -DSTM32F030R8Tx -DSTM32 -DSTM32F0 -DNUCLEO_F030R8 -c -I../Inc -I"V:/MKS/MKS/cv1/Device/ST/STM32F0xx/Include" -I"V:/MKS/MKS/cv1/Include" -O0 -ffunction-sections -fdata-sections -Wall -fstack-usage -MMD -MP -MF"Src/main.d" -MT"Src/main.o" --specs=nano.specs -mfloat-abi=soft -mthumb -o "Src/main.o"
../Src/main.c: In function 'main':
../Src/main.c:56:35: error: initializer element is not constant
   56 |    static uint8_t morse_shifted = morse_code;
      |                                   ^~~~~~~~~~
../Src/main.c:56:19: warning: variable 'morse_shifted' set but not used [-Wunused-but-set-variable]
   56 |    static uint8_t morse_shifted = morse_code;
      |                   ^~~~~~~~~~~~~
../Src/main.c:31:10: warning: unused variable 'pole' [-Wunused-variable]
   31 |  uint8_t pole[32] = {1, 0, 1, 0, 1, 0, 0, 1, 1, 1, 0, 1,
      |          ^~~~
make: *** [Src/subdir.mk:28: Src/main.o] Error 1
"make -j4 all" terminated with exit code 2. Build might be incomplete.
13:38:08 **** Incremental Build of configuration Debug for project cv1 ****
make -j4 all 
arm-none-eabi-gcc "../Src/main.c" -mcpu=cortex-m0 -std=gnu11 -g3 -DDEBUG -DSTM32F030x8 -DSTM32F030R8Tx -DSTM32 -DSTM32F0 -DNUCLEO_F030R8 -c -I../Inc -I"V:/MKS/MKS/cv1/Device/ST/STM32F0xx/Include" -I"V:/MKS/MKS/cv1/Include" -O0 -ffunction-sections -fdata-sections -Wall -fstack-usage -MMD -MP -MF"Src/main.d" -MT"Src/main.o" --specs=nano.specs -mfloat-abi=soft -mthumb -o "Src/main.o"
../Src/main.c: In function 'main':
../Src/main.c:56:12: warning: variable 'morse_shifted' set but not used [-Wunused-but-set-variable]
   56 |    uint8_t morse_shifted = morse_code;
      |            ^~~~~~~~~~~~~
../Src/main.c:31:10: warning: unused variable 'pole' [-Wunused-variable]
   31 |  uint8_t pole[32] = {1, 0, 1, 0, 1, 0, 0, 1, 1, 1, 0, 1,
      |          ^~~~
arm-none-eabi-gcc -o "cv1.elf" @"objects.list"   -mcpu=cortex-m0 -T"V:\MKS\MKS\cv1\STM32F030R8TX_FLASH.ld" --specs=nosys.specs -Wl,-Map="cv1.map" -Wl,--gc-sections -static --specs=nano.specs -mfloat-abi=soft -mthumb -Wl,--start-group -lc -lm -Wl,--end-group
Finished building target: cv1.elf
 
arm-none-eabi-size   cv1.elf 
arm-none-eabi-objdump -h -S  cv1.elf  > "cv1.list"
   text	   data	    bss	    dec	    hex	filename
    804	      8	   1568	   2380	    94c	cv1.elf
Finished building: default.size.stdout
 
Finished building: cv1.list
 
13:38:59 **** Incremental Build of configuration Debug for project cv1 ****
make -j4 all 
arm-none-eabi-gcc "../Src/main.c" -mcpu=cortex-m0 -std=gnu11 -g3 -DDEBUG -DSTM32F030x8 -DSTM32F030R8Tx -DSTM32 -DSTM32F0 -DNUCLEO_F030R8 -c -I../Inc -I"V:/MKS/MKS/cv1/Device/ST/STM32F0xx/Include" -I"V:/MKS/MKS/cv1/Include" -O0 -ffunction-sections -fdata-sections -Wall -fstack-usage -MMD -MP -MF"Src/main.d" -MT"Src/main.o" --specs=nano.specs -mfloat-abi=soft -mthumb -o "Src/main.o"
../Src/main.c: In function 'main':
../Src/main.c:31:10: warning: unused variable 'pole' [-Wunused-variable]
   31 |  uint8_t pole[32] = {1, 0, 1, 0, 1, 0, 0, 1, 1, 1, 0, 1,
      |          ^~~~
arm-none-eabi-gcc -o "cv1.elf" @"objects.list"   -mcpu=cortex-m0 -T"V:\MKS\MKS\cv1\STM32F030R8TX_FLASH.ld" --specs=nosys.specs -Wl,-Map="cv1.map" -Wl,--gc-sections -static --specs=nano.specs -mfloat-abi=soft -mthumb -Wl,--start-group -lc -lm -Wl,--end-group
Finished building target: cv1.elf
 
arm-none-eabi-size   cv1.elf 
arm-none-eabi-objdump -h -S  cv1.elf  > "cv1.list"
   text	   data	    bss	    dec	    hex	filename
    808	      8	   1568	   2384	    950	cv1.elf
Finished building: default.size.stdout
 
Finished building: cv1.list
 
13:39:25 **** Incremental Build of configuration Debug for project cv1 ****
make -j4 all 
arm-none-eabi-gcc "../Src/main.c" -mcpu=cortex-m0 -std=gnu11 -g3 -DDEBUG -DSTM32F030x8 -DSTM32F030R8Tx -DSTM32 -DSTM32F0 -DNUCLEO_F030R8 -c -I../Inc -I"V:/MKS/MKS/cv1/Device/ST/STM32F0xx/Include" -I"V:/MKS/MKS/cv1/Include" -O0 -ffunction-sections -fdata-sections -Wall -fstack-usage -MMD -MP -MF"Src/main.d" -MT"Src/main.o" --specs=nano.specs -mfloat-abi=soft -mthumb -o "Src/main.o"
../Src/main.c: In function 'main':
../Src/main.c:31:10: warning: unused variable 'pole' [-Wunused-variable]
   31 |  uint8_t pole[32] = {1, 0, 1, 0, 1, 0, 0, 1, 1, 1, 0, 1,
      |          ^~~~
arm-none-eabi-gcc -o "cv1.elf" @"objects.list"   -mcpu=cortex-m0 -T"V:\MKS\MKS\cv1\STM32F030R8TX_FLASH.ld" --specs=nosys.specs -Wl,-Map="cv1.map" -Wl,--gc-sections -static --specs=nano.specs -mfloat-abi=soft -mthumb -Wl,--start-group -lc -lm -Wl,--end-group
Finished building target: cv1.elf
 
arm-none-eabi-size   cv1.elf 
arm-none-eabi-objdump -h -S  cv1.elf  > "cv1.list"
   text	   data	    bss	    dec	    hex	filename
    816	      8	   1568	   2392	    958	cv1.elf
Finished building: default.size.stdout
 
Finished building: cv1.list
 
13:41:33 **** Incremental Build of configuration Debug for project cv1 ****
make -j4 all 
arm-none-eabi-gcc "../Src/main.c" -mcpu=cortex-m0 -std=gnu11 -g3 -DDEBUG -DSTM32F030x8 -DSTM32F030R8Tx -DSTM32 -DSTM32F0 -DNUCLEO_F030R8 -c -I../Inc -I"V:/MKS/MKS/cv1/Device/ST/STM32F0xx/Include" -I"V:/MKS/MKS/cv1/Include" -O0 -ffunction-sections -fdata-sections -Wall -fstack-usage -MMD -MP -MF"Src/main.d" -MT"Src/main.o" --specs=nano.specs -mfloat-abi=soft -mthumb -o "Src/main.o"
../Src/main.c: In function 'main':
../Src/main.c:31:10: warning: unused variable 'pole' [-Wunused-variable]
   31 |  uint8_t pole[32] = {1, 0, 1, 0, 1, 0, 0, 1, 1, 1, 0, 1,
      |          ^~~~
arm-none-eabi-gcc -o "cv1.elf" @"objects.list"   -mcpu=cortex-m0 -T"V:\MKS\MKS\cv1\STM32F030R8TX_FLASH.ld" --specs=nosys.specs -Wl,-Map="cv1.map" -Wl,--gc-sections -static --specs=nano.specs -mfloat-abi=soft -mthumb -Wl,--start-group -lc -lm -Wl,--end-group
Finished building target: cv1.elf
 
arm-none-eabi-size   cv1.elf 
arm-none-eabi-objdump -h -S  cv1.elf  > "cv1.list"
   text	   data	    bss	    dec	    hex	filename
    816	      8	   1568	   2392	    958	cv1.elf
Finished building: default.size.stdout
 
Finished building: cv1.list
 
13:42:50 **** Incremental Build of configuration Debug for project cv1 ****
make -j4 all 
arm-none-eabi-gcc "../Src/main.c" -mcpu=cortex-m0 -std=gnu11 -g3 -DDEBUG -DSTM32F030x8 -DSTM32F030R8Tx -DSTM32 -DSTM32F0 -DNUCLEO_F030R8 -c -I../Inc -I"V:/MKS/MKS/cv1/Device/ST/STM32F0xx/Include" -I"V:/MKS/MKS/cv1/Include" -O0 -ffunction-sections -fdata-sections -Wall -fstack-usage -MMD -MP -MF"Src/main.d" -MT"Src/main.o" --specs=nano.specs -mfloat-abi=soft -mthumb -o "Src/main.o"
../Src/main.c: In function 'main':
../Src/main.c:31:10: warning: unused variable 'pole' [-Wunused-variable]
   31 |  uint8_t pole[32] = {1, 0, 1, 0, 1, 0, 0, 1, 1, 1, 0, 1,
      |          ^~~~
arm-none-eabi-gcc -o "cv1.elf" @"objects.list"   -mcpu=cortex-m0 -T"V:\MKS\MKS\cv1\STM32F030R8TX_FLASH.ld" --specs=nosys.specs -Wl,-Map="cv1.map" -Wl,--gc-sections -static --specs=nano.specs -mfloat-abi=soft -mthumb -Wl,--start-group -lc -lm -Wl,--end-group
Finished building target: cv1.elf
 
arm-none-eabi-size   cv1.elf 
arm-none-eabi-objdump -h -S  cv1.elf  > "cv1.list"
   text	   data	    bss	    dec	    hex	filename
    780	      8	   1568	   2356	    934	cv1.elf
Finished building: default.size.stdout
 
Finished building: cv1.list
 
13:55:31 **** Incremental Build of configuration Debug for project cv1 ****
make -j4 all 
arm-none-eabi-gcc "../Src/main.c" -mcpu=cortex-m0 -std=gnu11 -g3 -DDEBUG -DSTM32F030x8 -DSTM32F030R8Tx -DSTM32 -DSTM32F0 -DNUCLEO_F030R8 -c -I../Inc -I"V:/MKS/MKS/cv1/Device/ST/STM32F0xx/Include" -I"V:/MKS/MKS/cv1/Include" -O0 -ffunction-sections -fdata-sections -Wall -fstack-usage -MMD -MP -MF"Src/main.d" -MT"Src/main.o" --specs=nano.specs -mfloat-abi=soft -mthumb -o "Src/main.o"
arm-none-eabi-gcc -o "cv1.elf" @"objects.list"   -mcpu=cortex-m0 -T"V:\MKS\MKS\cv1\STM32F030R8TX_FLASH.ld" --specs=nosys.specs -Wl,-Map="cv1.map" -Wl,--gc-sections -static --specs=nano.specs -mfloat-abi=soft -mthumb -Wl,--start-group -lc -lm -Wl,--end-group
Finished building target: cv1.elf
 
arm-none-eabi-size   cv1.elf 
arm-none-eabi-objdump -h -S  cv1.elf  > "cv1.list"
   text	   data	    bss	    dec	    hex	filename
    728	      8	   1568	   2304	    900	cv1.elf
Finished building: default.size.stdout
 
Finished building: cv1.list
 
14:03:07 **** Incremental Build of configuration Debug for project cv1 ****
make -j4 all 
arm-none-eabi-gcc "../Src/main.c" -mcpu=cortex-m0 -std=gnu11 -g3 -DDEBUG -DSTM32F030x8 -DSTM32F030R8Tx -DSTM32 -DSTM32F0 -DNUCLEO_F030R8 -c -I../Inc -I"V:/MKS/MKS/cv1/Device/ST/STM32F0xx/Include" -I"V:/MKS/MKS/cv1/Include" -O0 -ffunction-sections -fdata-sections -Wall -fstack-usage -MMD -MP -MF"Src/main.d" -MT"Src/main.o" --specs=nano.specs -mfloat-abi=soft -mthumb -o "Src/main.o"
arm-none-eabi-gcc -o "cv1.elf" @"objects.list"   -mcpu=cortex-m0 -T"V:\MKS\MKS\cv1\STM32F030R8TX_FLASH.ld" --specs=nosys.specs -Wl,-Map="cv1.map" -Wl,--gc-sections -static --specs=nano.specs -mfloat-abi=soft -mthumb -Wl,--start-group -lc -lm -Wl,--end-group
Finished building target: cv1.elf
 
arm-none-eabi-size   cv1.elf 
arm-none-eabi-objdump -h -S  cv1.elf  > "cv1.list"
   text	   data	    bss	    dec	    hex	filename
    728	      8	   1568	   2304	    900	cv1.elf
Finished building: default.size.stdout
 
Finished building: cv1.list
 
14:03:27 **** Incremental Build of configuration Debug for project cv1 ****
make -j4 all 
arm-none-eabi-gcc "../Src/main.c" -mcpu=cortex-m0 -std=gnu11 -g3 -DDEBUG -DSTM32F030x8 -DSTM32F030R8Tx -DSTM32 -DSTM32F0 -DNUCLEO_F030R8 -c -I../Inc -I"V:/MKS/MKS/cv1/Device/ST/STM32F0xx/Include" -I"V:/MKS/MKS/cv1/Include" -O0 -ffunction-sections -fdata-sections -Wall -fstack-usage -MMD -MP -MF"Src/main.d" -MT"Src/main.o" --specs=nano.specs -mfloat-abi=soft -mthumb -o "Src/main.o"
arm-none-eabi-gcc -o "cv1.elf" @"objects.list"   -mcpu=cortex-m0 -T"V:\MKS\MKS\cv1\STM32F030R8TX_FLASH.ld" --specs=nosys.specs -Wl,-Map="cv1.map" -Wl,--gc-sections -static --specs=nano.specs -mfloat-abi=soft -mthumb -Wl,--start-group -lc -lm -Wl,--end-group
Finished building target: cv1.elf
 
arm-none-eabi-size   cv1.elf 
arm-none-eabi-objdump -h -S  cv1.elf  > "cv1.list"
   text	   data	    bss	    dec	    hex	filename
    728	      8	   1568	   2304	    900	cv1.elf
Finished building: default.size.stdout
 
Finished building: cv1.list
 
14:07:47 **** Incremental Build of configuration Debug for project cv1 ****
make -j4 all 
arm-none-eabi-gcc "../Src/main.c" -mcpu=cortex-m0 -std=gnu11 -g3 -DDEBUG -DSTM32F030x8 -DSTM32F030R8Tx -DSTM32 -DSTM32F0 -DNUCLEO_F030R8 -c -I../Inc -I"V:/MKS/MKS/cv1/Device/ST/STM32F0xx/Include" -I"V:/MKS/MKS/cv1/Include" -O0 -ffunction-sections -fdata-sections -Wall -fstack-usage -MMD -MP -MF"Src/main.d" -MT"Src/main.o" --specs=nano.specs -mfloat-abi=soft -mthumb -o "Src/main.o"
arm-none-eabi-gcc -o "cv1.elf" @"objects.list"   -mcpu=cortex-m0 -T"V:\MKS\MKS\cv1\STM32F030R8TX_FLASH.ld" --specs=nosys.specs -Wl,-Map="cv1.map" -Wl,--gc-sections -static --specs=nano.specs -mfloat-abi=soft -mthumb -Wl,--start-group -lc -lm -Wl,--end-group
Finished building target: cv1.elf
 
arm-none-eabi-size   cv1.elf 
arm-none-eabi-objdump -h -S  cv1.elf  > "cv1.list"
   text	   data	    bss	    dec	    hex	filename
    728	      8	   1568	   2304	    900	cv1.elf
Finished building: default.size.stdout
 
Finished building: cv1.list
 
14:17:14 **** Incremental Build of configuration Debug for project cv1 ****
make -j4 all 
arm-none-eabi-gcc "../Src/main.c" -mcpu=cortex-m0 -std=gnu11 -g3 -DDEBUG -DSTM32F030x8 -DSTM32F030R8Tx -DSTM32 -DSTM32F0 -DNUCLEO_F030R8 -c -I../Inc -I"V:/MKS/MKS/cv1/Device/ST/STM32F0xx/Include" -I"V:/MKS/MKS/cv1/Include" -O0 -ffunction-sections -fdata-sections -Wall -fstack-usage -MMD -MP -MF"Src/main.d" -MT"Src/main.o" --specs=nano.specs -mfloat-abi=soft -mthumb -o "Src/main.o"
../Src/main.c: In function 'main':
../Src/main.c:53:66: error: called object is not a function or function pointer
   53 |    if(morse_code & ((uint32_t)1) << ((8 * sizeof(morse_code) - 1 - i)) GPIOA->BSRR = (1 << 5);
      |                                     ~~~~~~~~~~~~~~~~~~~~~~~~~~~~~^~~~~
../Src/main.c:53:94: error: expected ')' before ';' token
   53 |    if(morse_code & ((uint32_t)1) << ((8 * sizeof(morse_code) - 1 - i)) GPIOA->BSRR = (1 << 5);
      |      ~                                                                                       ^
      |                                                                                              )
../Src/main.c:57:3: error: expected expression before '}' token
   57 |   }
      |   ^
make: *** [Src/subdir.mk:28: Src/main.o] Error 1
"make -j4 all" terminated with exit code 2. Build might be incomplete.
14:17:38 **** Incremental Build of configuration Debug for project cv1 ****
make -j4 all 
arm-none-eabi-gcc "../Src/main.c" -mcpu=cortex-m0 -std=gnu11 -g3 -DDEBUG -DSTM32F030x8 -DSTM32F030R8Tx -DSTM32 -DSTM32F0 -DNUCLEO_F030R8 -c -I../Inc -I"V:/MKS/MKS/cv1/Device/ST/STM32F0xx/Include" -I"V:/MKS/MKS/cv1/Include" -O0 -ffunction-sections -fdata-sections -Wall -fstack-usage -MMD -MP -MF"Src/main.d" -MT"Src/main.o" --specs=nano.specs -mfloat-abi=soft -mthumb -o "Src/main.o"
arm-none-eabi-gcc -o "cv1.elf" @"objects.list"   -mcpu=cortex-m0 -T"V:\MKS\MKS\cv1\STM32F030R8TX_FLASH.ld" --specs=nosys.specs -Wl,-Map="cv1.map" -Wl,--gc-sections -static --specs=nano.specs -mfloat-abi=soft -mthumb -Wl,--start-group -lc -lm -Wl,--end-group
Finished building target: cv1.elf
 
arm-none-eabi-size   cv1.elf 
arm-none-eabi-objdump -h -S  cv1.elf  > "cv1.list"
   text	   data	    bss	    dec	    hex	filename
    728	      8	   1568	   2304	    900	cv1.elf
Finished building: default.size.stdout
 
Finished building: cv1.list
 
14:15:29 **** Build of configuration Debug for project cv3 ****
make -j4 all 
arm-none-eabi-gcc -mcpu=cortex-m0 -g3 -DDEBUG -c -x assembler-with-cpp -MMD -MP -MF"Startup/startup_stm32f030r8tx.d" -MT"Startup/startup_stm32f030r8tx.o" --specs=nano.specs -mfloat-abi=soft -mthumb -o "Startup/startup_stm32f030r8tx.o" "../Startup/startup_stm32f030r8tx.s"
arm-none-eabi-gcc "../Src/main.c" -mcpu=cortex-m0 -std=gnu11 -g3 -DDEBUG -DSTM32F030x8 -DSTM32F030R8Tx -DSTM32 -DSTM32F0 -DNUCLEO_F030R8 -c -I../Inc -I"V:/MKS/MKS/cv1/Device/ST/STM32F0xx/Include" -I"V:/MKS/MKS/cv1/Include" -O0 -ffunction-sections -fdata-sections -Wall -fstack-usage -MMD -MP -MF"Src/main.d" -MT"Src/main.o" --specs=nano.specs -mfloat-abi=soft -mthumb -o "Src/main.o"
arm-none-eabi-gcc "../Src/syscalls.c" -mcpu=cortex-m0 -std=gnu11 -g3 -DDEBUG -DSTM32F030x8 -DSTM32F030R8Tx -DSTM32 -DSTM32F0 -DNUCLEO_F030R8 -c -I../Inc -I"V:/MKS/MKS/cv1/Device/ST/STM32F0xx/Include" -I"V:/MKS/MKS/cv1/Include" -O0 -ffunction-sections -fdata-sections -Wall -fstack-usage -MMD -MP -MF"Src/syscalls.d" -MT"Src/syscalls.o" --specs=nano.specs -mfloat-abi=soft -mthumb -o "Src/syscalls.o"
arm-none-eabi-gcc "../Src/sysmem.c" -mcpu=cortex-m0 -std=gnu11 -g3 -DDEBUG -DSTM32F030x8 -DSTM32F030R8Tx -DSTM32 -DSTM32F0 -DNUCLEO_F030R8 -c -I../Inc -I"V:/MKS/MKS/cv1/Device/ST/STM32F0xx/Include" -I"V:/MKS/MKS/cv1/Include" -O0 -ffunction-sections -fdata-sections -Wall -fstack-usage -MMD -MP -MF"Src/sysmem.d" -MT"Src/sysmem.o" --specs=nano.specs -mfloat-abi=soft -mthumb -o "Src/sysmem.o"
arm-none-eabi-gcc "../Src/system_stm32f0xx.c" -mcpu=cortex-m0 -std=gnu11 -g3 -DDEBUG -DSTM32F030x8 -DSTM32F030R8Tx -DSTM32 -DSTM32F0 -DNUCLEO_F030R8 -c -I../Inc -I"V:/MKS/MKS/cv1/Device/ST/STM32F0xx/Include" -I"V:/MKS/MKS/cv1/Include" -O0 -ffunction-sections -fdata-sections -Wall -fstack-usage -MMD -MP -MF"Src/system_stm32f0xx.d" -MT"Src/system_stm32f0xx.o" --specs=nano.specs -mfloat-abi=soft -mthumb -o "Src/system_stm32f0xx.o"
arm-none-eabi-gcc -o "cv3.elf" @"objects.list"   -mcpu=cortex-m0 -T"V:\MKS\MKS\cv3\STM32F030R8TX_FLASH.ld" --specs=nosys.specs -Wl,-Map="cv3.map" -Wl,--gc-sections -static --specs=nano.specs -mfloat-abi=soft -mthumb -Wl,--start-group -lc -lm -Wl,--end-group
Finished building target: cv3.elf
 
arm-none-eabi-size   cv3.elf 
arm-none-eabi-objdump -h -S  cv3.elf  > "cv3.list"
   text	   data	    bss	    dec	    hex	filename
   1300	     12	   1580	   2892	    b4c	cv3.elf
Finished building: default.size.stdout
 
Finished building: cv3.list
 
14:15:40 **** Incremental Build of configuration Debug for project cv3 ****
make -j4 all 
arm-none-eabi-size   cv3.elf 
   text	   data	    bss	    dec	    hex	filename
   1300	     12	   1580	   2892	    b4c	cv3.elf
Finished building: default.size.stdout
 
14:15:52 **** Incremental Build of configuration Debug for project cv3 ****
make -j4 all 
arm-none-eabi-size   cv3.elf 
   text	   data	    bss	    dec	    hex	filename
   1300	     12	   1580	   2892	    b4c	cv3.elf
Finished building: default.size.stdout
 
14:16:12 **** Incremental Build of configuration Debug for project cv3 ****
make -j4 all 
arm-none-eabi-size   cv3.elf 
   text	   data	    bss	    dec	    hex	filename
   1300	     12	   1580	   2892	    b4c	cv3.elf
Finished building: default.size.stdout
 
14:37:32 **** Incremental Build of configuration Debug for project cv3 ****
make -j4 all 
arm-none-eabi-gcc "../Src/main.c" -mcpu=cortex-m0 -std=gnu11 -g3 -DDEBUG -DSTM32F030x8 -DSTM32F030R8Tx -DSTM32 -DSTM32F0 -DNUCLEO_F030R8 -c -I../Inc -I"V:/MKS/MKS/cv1/Device/ST/STM32F0xx/Include" -I"V:/MKS/MKS/cv1/Include" -O0 -ffunction-sections -fdata-sections -Wall -fstack-usage -MMD -MP -MF"Src/main.d" -MT"Src/main.o" --specs=nano.specs -mfloat-abi=soft -mthumb -o "Src/main.o"
arm-none-eabi-gcc "../Src/sct.c" -mcpu=cortex-m0 -std=gnu11 -g3 -DDEBUG -DSTM32F030x8 -DSTM32F030R8Tx -DSTM32 -DSTM32F0 -DNUCLEO_F030R8 -c -I../Inc -I"V:/MKS/MKS/cv1/Device/ST/STM32F0xx/Include" -I"V:/MKS/MKS/cv1/Include" -O0 -ffunction-sections -fdata-sections -Wall -fstack-usage -MMD -MP -MF"Src/sct.d" -MT"Src/sct.o" --specs=nano.specs -mfloat-abi=soft -mthumb -o "Src/sct.o"
arm-none-eabi-gcc "../Src/syscalls.c" -mcpu=cortex-m0 -std=gnu11 -g3 -DDEBUG -DSTM32F030x8 -DSTM32F030R8Tx -DSTM32 -DSTM32F0 -DNUCLEO_F030R8 -c -I../Inc -I"V:/MKS/MKS/cv1/Device/ST/STM32F0xx/Include" -I"V:/MKS/MKS/cv1/Include" -O0 -ffunction-sections -fdata-sections -Wall -fstack-usage -MMD -MP -MF"Src/syscalls.d" -MT"Src/syscalls.o" --specs=nano.specs -mfloat-abi=soft -mthumb -o "Src/syscalls.o"
arm-none-eabi-gcc "../Src/sysmem.c" -mcpu=cortex-m0 -std=gnu11 -g3 -DDEBUG -DSTM32F030x8 -DSTM32F030R8Tx -DSTM32 -DSTM32F0 -DNUCLEO_F030R8 -c -I../Inc -I"V:/MKS/MKS/cv1/Device/ST/STM32F0xx/Include" -I"V:/MKS/MKS/cv1/Include" -O0 -ffunction-sections -fdata-sections -Wall -fstack-usage -MMD -MP -MF"Src/sysmem.d" -MT"Src/sysmem.o" --specs=nano.specs -mfloat-abi=soft -mthumb -o "Src/sysmem.o"
In file included from ../Src/sct.c:7:
../Src/sct.h:18:14: error: unknown type name 'uint32_t'
   18 | void sct_led(uint32_t value);
      |              ^~~~~~~~
../Src/sct.c: In function 'sct_init':
../Src/sct.c:11:2: error: 'RCC' undeclared (first use in this function)
   11 |  RCC->AHBENR |= RCC_AHBENR_GPIOBEN; // enable clock on port B
      |  ^~~
../Src/sct.c:11:2: note: each undeclared identifier is reported only once for each function it appears in
../Src/sct.c:11:17: error: 'RCC_AHBENR_GPIOBEN' undeclared (first use in this function)
   11 |  RCC->AHBENR |= RCC_AHBENR_GPIOBEN; // enable clock on port B
      |                 ^~~~~~~~~~~~~~~~~~
../Src/sct.c:13:2: error: 'GPIOB' undeclared (first use in this function)
   13 |  GPIOB->MODER |= GPIO_MODER_MODER3_0; // set corresponding pins as outputs
      |  ^~~~~
../Src/sct.c:13:18: error: 'GPIO_MODER_MODER3_0' undeclared (first use in this function)
   13 |  GPIOB->MODER |= GPIO_MODER_MODER3_0; // set corresponding pins as outputs
      |                  ^~~~~~~~~~~~~~~~~~~
../Src/sct.c:14:18: error: 'GPIO_MODER_MODER4_0' undeclared (first use in this function)
   14 |  GPIOB->MODER |= GPIO_MODER_MODER4_0;
      |                  ^~~~~~~~~~~~~~~~~~~
../Src/sct.c:15:18: error: 'GPIO_MODER_MODER5_0' undeclared (first use in this function)
   15 |  GPIOB->MODER |= GPIO_MODER_MODER5_0;
      |                  ^~~~~~~~~~~~~~~~~~~
../Src/sct.c:16:18: error: 'GPIO_MODER_MODER10_0' undeclared (first use in this function)
   16 |  GPIOB->MODER |= GPIO_MODER_MODER10_0;
      |                  ^~~~~~~~~~~~~~~~~~~~
../Src/sct.c:18:2: warning: implicit declaration of function 'sct_led' [-Wimplicit-function-declaration]
   18 |  sct_led(0); // shifts zeroes into shift registers
      |  ^~~~~~~
../Src/sct.c: At top level:
../Src/sct.c:23:14: error: unknown type name 'uint32_t'
   23 | void sct_led(uint32_t value)
      |              ^~~~~~~~
make: *** [Src/subdir.mk:31: Src/sct.o] Error 1
make: *** Waiting for unfinished jobs....
"make -j4 all" terminated with exit code 2. Build might be incomplete.
14:38:00 **** Incremental Build of configuration Debug for project cv3 ****
make -j4 all 
arm-none-eabi-gcc "../Src/main.c" -mcpu=cortex-m0 -std=gnu11 -g3 -DDEBUG -DSTM32F030x8 -DSTM32F030R8Tx -DSTM32 -DSTM32F0 -DNUCLEO_F030R8 -c -I../Inc -I"V:/MKS/MKS/cv1/Device/ST/STM32F0xx/Include" -I"V:/MKS/MKS/cv1/Include" -O0 -ffunction-sections -fdata-sections -Wall -fstack-usage -MMD -MP -MF"Src/main.d" -MT"Src/main.o" --specs=nano.specs -mfloat-abi=soft -mthumb -o "Src/main.o"
arm-none-eabi-gcc "../Src/sct.c" -mcpu=cortex-m0 -std=gnu11 -g3 -DDEBUG -DSTM32F030x8 -DSTM32F030R8Tx -DSTM32 -DSTM32F0 -DNUCLEO_F030R8 -c -I../Inc -I"V:/MKS/MKS/cv1/Device/ST/STM32F0xx/Include" -I"V:/MKS/MKS/cv1/Include" -O0 -ffunction-sections -fdata-sections -Wall -fstack-usage -MMD -MP -MF"Src/sct.d" -MT"Src/sct.o" --specs=nano.specs -mfloat-abi=soft -mthumb -o "Src/sct.o"
arm-none-eabi-gcc "../Src/system_stm32f0xx.c" -mcpu=cortex-m0 -std=gnu11 -g3 -DDEBUG -DSTM32F030x8 -DSTM32F030R8Tx -DSTM32 -DSTM32F0 -DNUCLEO_F030R8 -c -I../Inc -I"V:/MKS/MKS/cv1/Device/ST/STM32F0xx/Include" -I"V:/MKS/MKS/cv1/Include" -O0 -ffunction-sections -fdata-sections -Wall -fstack-usage -MMD -MP -MF"Src/system_stm32f0xx.d" -MT"Src/system_stm32f0xx.o" --specs=nano.specs -mfloat-abi=soft -mthumb -o "Src/system_stm32f0xx.o"
In file included from ../Src/main.c:19:
../Src/sct.h:18:14: error: unknown type name 'uint32_t'
   18 | void sct_led(uint32_t value);
      |              ^~~~~~~~
In file included from ../Src/sct.c:7:
../Src/sct.h:18:14: error: unknown type name 'uint32_t'
   18 | void sct_led(uint32_t value);
      |              ^~~~~~~~
../Src/sct.c: In function 'sct_init':
../Src/sct.c:11:2: error: 'RCC' undeclared (first use in this function)
   11 |  RCC->AHBENR |= RCC_AHBENR_GPIOBEN; // enable clock on port B
      |  ^~~
../Src/sct.c:11:2: note: each undeclared identifier is reported only once for each function it appears in
../Src/sct.c:11:17: error: 'RCC_AHBENR_GPIOBEN' undeclared (first use in this function)
   11 |  RCC->AHBENR |= RCC_AHBENR_GPIOBEN; // enable clock on port B
      |                 ^~~~~~~~~~~~~~~~~~
../Src/sct.c:13:2: error: 'GPIOB' undeclared (first use in this function)
   13 |  GPIOB->MODER |= GPIO_MODER_MODER3_0; // set corresponding pins as outputs
      |  ^~~~~
../Src/sct.c:13:18: error: 'GPIO_MODER_MODER3_0' undeclared (first use in this function)
   13 |  GPIOB->MODER |= GPIO_MODER_MODER3_0; // set corresponding pins as outputs
      |                  ^~~~~~~~~~~~~~~~~~~
../Src/sct.c:14:18: error: 'GPIO_MODER_MODER4_0' undeclared (first use in this function)
   14 |  GPIOB->MODER |= GPIO_MODER_MODER4_0;
      |                  ^~~~~~~~~~~~~~~~~~~
../Src/sct.c:15:18: error: 'GPIO_MODER_MODER5_0' undeclared (first use in this function)
   15 |  GPIOB->MODER |= GPIO_MODER_MODER5_0;
      |                  ^~~~~~~~~~~~~~~~~~~
../Src/sct.c:16:18: error: 'GPIO_MODER_MODER10_0' undeclared (first use in this function)
   16 |  GPIOB->MODER |= GPIO_MODER_MODER10_0;
      |                  ^~~~~~~~~~~~~~~~~~~~
../Src/sct.c:18:2: warning: implicit declaration of function 'sct_led' [-Wimplicit-function-declaration]
   18 |  sct_led(0); // shifts zeroes into shift registers
      |  ^~~~~~~
../Src/main.c: In function 'main':
../Src/sct.c: At top level:
../Src/sct.c:23:14: error: unknown type name 'uint32_t'
   23 | void sct_led(uint32_t value)
      |              ^~~~~~~~
../Src/main.c:204:2: warning: implicit declaration of function 'sct_led' [-Wimplicit-function-declaration]
  204 |  sct_led(0x7A5C36DE);
      |  ^~~~~~~
make: *** [Src/subdir.mk:31: Src/main.o] Error 1
make: *** Waiting for unfinished jobs....
make: *** [Src/subdir.mk:31: Src/sct.o] Error 1
"make -j4 all" terminated with exit code 2. Build might be incomplete.
14:38:32 **** Incremental Build of configuration Debug for project cv3 ****
make -j4 all 
arm-none-eabi-gcc "../Src/main.c" -mcpu=cortex-m0 -std=gnu11 -g3 -DDEBUG -DSTM32F030x8 -DSTM32F030R8Tx -DSTM32 -DSTM32F0 -DNUCLEO_F030R8 -c -I../Inc -I"V:/MKS/MKS/cv1/Device/ST/STM32F0xx/Include" -I"V:/MKS/MKS/cv1/Include" -O0 -ffunction-sections -fdata-sections -Wall -fstack-usage -MMD -MP -MF"Src/main.d" -MT"Src/main.o" --specs=nano.specs -mfloat-abi=soft -mthumb -o "Src/main.o"
arm-none-eabi-gcc "../Src/sct.c" -mcpu=cortex-m0 -std=gnu11 -g3 -DDEBUG -DSTM32F030x8 -DSTM32F030R8Tx -DSTM32 -DSTM32F0 -DNUCLEO_F030R8 -c -I../Inc -I"V:/MKS/MKS/cv1/Device/ST/STM32F0xx/Include" -I"V:/MKS/MKS/cv1/Include" -O0 -ffunction-sections -fdata-sections -Wall -fstack-usage -MMD -MP -MF"Src/sct.d" -MT"Src/sct.o" --specs=nano.specs -mfloat-abi=soft -mthumb -o "Src/sct.o"
arm-none-eabi-gcc "../Src/system_stm32f0xx.c" -mcpu=cortex-m0 -std=gnu11 -g3 -DDEBUG -DSTM32F030x8 -DSTM32F030R8Tx -DSTM32 -DSTM32F0 -DNUCLEO_F030R8 -c -I../Inc -I"V:/MKS/MKS/cv1/Device/ST/STM32F0xx/Include" -I"V:/MKS/MKS/cv1/Include" -O0 -ffunction-sections -fdata-sections -Wall -fstack-usage -MMD -MP -MF"Src/system_stm32f0xx.d" -MT"Src/system_stm32f0xx.o" --specs=nano.specs -mfloat-abi=soft -mthumb -o "Src/system_stm32f0xx.o"
../Src/sct.c: In function 'sct_led':
../Src/sct.c:27:3: warning: implicit declaration of function 'set_sdi'; did you mean 'sct_sdi'? [-Wimplicit-function-declaration]
   27 |   set_sdi(value & 1);
      |   ^~~~~~~
      |   sct_sdi
../Src/sct.c:29:3: warning: implicit declaration of function 'set_sck' [-Wimplicit-function-declaration]
   29 |   set_sck(1);
      |   ^~~~~~~
arm-none-eabi-gcc -o "cv3.elf" @"objects.list"   -mcpu=cortex-m0 -T"V:\MKS\MKS\cv3\STM32F030R8TX_FLASH.ld" --specs=nosys.specs -Wl,-Map="cv3.map" -Wl,--gc-sections -static --specs=nano.specs -mfloat-abi=soft -mthumb -Wl,--start-group -lc -lm -Wl,--end-group
c:\appz\st\stm32cubeide_1.10.1\stm32cubeide\plugins\com.st.stm32cube.ide.mcu.externaltools.gnu-tools-for-stm32.10.3-2021.10.win32_1.0.0.202111181127\tools\arm-none-eabi\bin\ld.exe: ./Src/sct.o: in function `sct_led':
V:/MKS/MKS/cv3/Debug/../Src/sct.c:27: undefined reference to `set_sdi'
c:\appz\st\stm32cubeide_1.10.1\stm32cubeide\plugins\com.st.stm32cube.ide.mcu.externaltools.gnu-tools-for-stm32.10.3-2021.10.win32_1.0.0.202111181127\tools\arm-none-eabi\bin\ld.exe: V:/MKS/MKS/cv3/Debug/../Src/sct.c:29: undefined reference to `set_sck'
c:\appz\st\stm32cubeide_1.10.1\stm32cubeide\plugins\com.st.stm32cube.ide.mcu.externaltools.gnu-tools-for-stm32.10.3-2021.10.win32_1.0.0.202111181127\tools\arm-none-eabi\bin\ld.exe: V:/MKS/MKS/cv3/Debug/../Src/sct.c:30: undefined reference to `set_sck'
collect2.exe: error: ld returned 1 exit status
make: *** [makefile:63: cv3.elf] Error 1
"make -j4 all" terminated with exit code 2. Build might be incomplete.
14:39:01 **** Incremental Build of configuration Debug for project cv3 ****
make -j4 all 
arm-none-eabi-gcc "../Src/sct.c" -mcpu=cortex-m0 -std=gnu11 -g3 -DDEBUG -DSTM32F030x8 -DSTM32F030R8Tx -DSTM32 -DSTM32F0 -DNUCLEO_F030R8 -c -I../Inc -I"V:/MKS/MKS/cv1/Device/ST/STM32F0xx/Include" -I"V:/MKS/MKS/cv1/Include" -O0 -ffunction-sections -fdata-sections -Wall -fstack-usage -MMD -MP -MF"Src/sct.d" -MT"Src/sct.o" --specs=nano.specs -mfloat-abi=soft -mthumb -o "Src/sct.o"
../Src/sct.c: In function 'sct_led':
../Src/sct.c:29:3: warning: implicit declaration of function 'sct_sck'; did you mean 'sct_clk'? [-Wimplicit-function-declaration]
   29 |   sct_sck(1);
      |   ^~~~~~~
      |   sct_clk
arm-none-eabi-gcc -o "cv3.elf" @"objects.list"   -mcpu=cortex-m0 -T"V:\MKS\MKS\cv3\STM32F030R8TX_FLASH.ld" --specs=nosys.specs -Wl,-Map="cv3.map" -Wl,--gc-sections -static --specs=nano.specs -mfloat-abi=soft -mthumb -Wl,--start-group -lc -lm -Wl,--end-group
c:\appz\st\stm32cubeide_1.10.1\stm32cubeide\plugins\com.st.stm32cube.ide.mcu.externaltools.gnu-tools-for-stm32.10.3-2021.10.win32_1.0.0.202111181127\tools\arm-none-eabi\bin\ld.exe: ./Src/sct.o: in function `sct_led':
V:/MKS/MKS/cv3/Debug/../Src/sct.c:29: undefined reference to `sct_sck'
c:\appz\st\stm32cubeide_1.10.1\stm32cubeide\plugins\com.st.stm32cube.ide.mcu.externaltools.gnu-tools-for-stm32.10.3-2021.10.win32_1.0.0.202111181127\tools\arm-none-eabi\bin\ld.exe: V:/MKS/MKS/cv3/Debug/../Src/sct.c:30: undefined reference to `sct_sck'
collect2.exe: error: ld returned 1 exit status
make: *** [makefile:63: cv3.elf] Error 1
"make -j4 all" terminated with exit code 2. Build might be incomplete.
14:39:03 **** Incremental Build of configuration Debug for project cv3 ****
make -j4 all 
arm-none-eabi-gcc "../Src/sct.c" -mcpu=cortex-m0 -std=gnu11 -g3 -DDEBUG -DSTM32F030x8 -DSTM32F030R8Tx -DSTM32 -DSTM32F0 -DNUCLEO_F030R8 -c -I../Inc -I"V:/MKS/MKS/cv1/Device/ST/STM32F0xx/Include" -I"V:/MKS/MKS/cv1/Include" -O0 -ffunction-sections -fdata-sections -Wall -fstack-usage -MMD -MP -MF"Src/sct.d" -MT"Src/sct.o" --specs=nano.specs -mfloat-abi=soft -mthumb -o "Src/sct.o"
../Src/sct.c: In function 'sct_led':
../Src/sct.c:29:3: warning: implicit declaration of function 'sct_sck'; did you mean 'sct_clk'? [-Wimplicit-function-declaration]
   29 |   sct_sck(1);
      |   ^~~~~~~
      |   sct_clk
arm-none-eabi-gcc -o "cv3.elf" @"objects.list"   -mcpu=cortex-m0 -T"V:\MKS\MKS\cv3\STM32F030R8TX_FLASH.ld" --specs=nosys.specs -Wl,-Map="cv3.map" -Wl,--gc-sections -static --specs=nano.specs -mfloat-abi=soft -mthumb -Wl,--start-group -lc -lm -Wl,--end-group
c:\appz\st\stm32cubeide_1.10.1\stm32cubeide\plugins\com.st.stm32cube.ide.mcu.externaltools.gnu-tools-for-stm32.10.3-2021.10.win32_1.0.0.202111181127\tools\arm-none-eabi\bin\ld.exe: ./Src/sct.o: in function `sct_led':
V:/MKS/MKS/cv3/Debug/../Src/sct.c:29: undefined reference to `sct_sck'
c:\appz\st\stm32cubeide_1.10.1\stm32cubeide\plugins\com.st.stm32cube.ide.mcu.externaltools.gnu-tools-for-stm32.10.3-2021.10.win32_1.0.0.202111181127\tools\arm-none-eabi\bin\ld.exe: V:/MKS/MKS/cv3/Debug/../Src/sct.c:30: undefined reference to `sct_sck'
collect2.exe: error: ld returned 1 exit status
make: *** [makefile:63: cv3.elf] Error 1
"make -j4 all" terminated with exit code 2. Build might be incomplete.
14:40:59 **** Incremental Build of configuration Debug for project cv3 ****
make -j4 all 
arm-none-eabi-gcc "../Src/sct.c" -mcpu=cortex-m0 -std=gnu11 -g3 -DDEBUG -DSTM32F030x8 -DSTM32F030R8Tx -DSTM32 -DSTM32F0 -DNUCLEO_F030R8 -c -I../Inc -I"V:/MKS/MKS/cv1/Device/ST/STM32F0xx/Include" -I"V:/MKS/MKS/cv1/Include" -O0 -ffunction-sections -fdata-sections -Wall -fstack-usage -MMD -MP -MF"Src/sct.d" -MT"Src/sct.o" --specs=nano.specs -mfloat-abi=soft -mthumb -o "Src/sct.o"
arm-none-eabi-gcc -o "cv3.elf" @"objects.list"   -mcpu=cortex-m0 -T"V:\MKS\MKS\cv3\STM32F030R8TX_FLASH.ld" --specs=nosys.specs -Wl,-Map="cv3.map" -Wl,--gc-sections -static --specs=nano.specs -mfloat-abi=soft -mthumb -Wl,--start-group -lc -lm -Wl,--end-group
Finished building target: cv3.elf
 
arm-none-eabi-size   cv3.elf 
arm-none-eabi-objdump -h -S  cv3.elf  > "cv3.list"
   text	   data	    bss	    dec	    hex	filename
    704	      8	   1568	   2280	    8e8	cv3.elf
Finished building: default.size.stdout
 
Finished building: cv3.list
 
14:41:42 **** Incremental Build of configuration Debug for project cv3 ****
make -j4 all 
arm-none-eabi-gcc "../Src/main.c" -mcpu=cortex-m0 -std=gnu11 -g3 -DDEBUG -DSTM32F030x8 -DSTM32F030R8Tx -DSTM32 -DSTM32F0 -DNUCLEO_F030R8 -c -I../Inc -I"V:/MKS/MKS/cv1/Device/ST/STM32F0xx/Include" -I"V:/MKS/MKS/cv1/Include" -O0 -ffunction-sections -fdata-sections -Wall -fstack-usage -MMD -MP -MF"Src/main.d" -MT"Src/main.o" --specs=nano.specs -mfloat-abi=soft -mthumb -o "Src/main.o"
arm-none-eabi-gcc "../Src/sct.c" -mcpu=cortex-m0 -std=gnu11 -g3 -DDEBUG -DSTM32F030x8 -DSTM32F030R8Tx -DSTM32 -DSTM32F0 -DNUCLEO_F030R8 -c -I../Inc -I"V:/MKS/MKS/cv1/Device/ST/STM32F0xx/Include" -I"V:/MKS/MKS/cv1/Include" -O0 -ffunction-sections -fdata-sections -Wall -fstack-usage -MMD -MP -MF"Src/sct.d" -MT"Src/sct.o" --specs=nano.specs -mfloat-abi=soft -mthumb -o "Src/sct.o"
arm-none-eabi-gcc -o "cv3.elf" @"objects.list"   -mcpu=cortex-m0 -T"V:\MKS\MKS\cv3\STM32F030R8TX_FLASH.ld" --specs=nosys.specs -Wl,-Map="cv3.map" -Wl,--gc-sections -static --specs=nano.specs -mfloat-abi=soft -mthumb -Wl,--start-group -lc -lm -Wl,--end-group
Finished building target: cv3.elf
 
arm-none-eabi-size   cv3.elf 
arm-none-eabi-objdump -h -S  cv3.elf  > "cv3.list"
   text	   data	    bss	    dec	    hex	filename
    808	      8	   1568	   2384	    950	cv3.elf
Finished building: default.size.stdout
 
Finished building: cv3.list
 
15:14:28 **** Incremental Build of configuration Debug for project cv3 ****
make -j4 all 
arm-none-eabi-gcc "../Src/main.c" -mcpu=cortex-m0 -std=gnu11 -g3 -DDEBUG -DSTM32F030x8 -DSTM32F030R8Tx -DSTM32 -DSTM32F0 -DNUCLEO_F030R8 -c -I../Inc -I"V:/MKS/MKS/cv1/Device/ST/STM32F0xx/Include" -I"V:/MKS/MKS/cv1/Include" -O0 -ffunction-sections -fdata-sections -Wall -fstack-usage -MMD -MP -MF"Src/main.d" -MT"Src/main.o" --specs=nano.specs -mfloat-abi=soft -mthumb -o "Src/main.o"
arm-none-eabi-gcc "../Src/sct.c" -mcpu=cortex-m0 -std=gnu11 -g3 -DDEBUG -DSTM32F030x8 -DSTM32F030R8Tx -DSTM32 -DSTM32F0 -DNUCLEO_F030R8 -c -I../Inc -I"V:/MKS/MKS/cv1/Device/ST/STM32F0xx/Include" -I"V:/MKS/MKS/cv1/Include" -O0 -ffunction-sections -fdata-sections -Wall -fstack-usage -MMD -MP -MF"Src/sct.d" -MT"Src/sct.o" --specs=nano.specs -mfloat-abi=soft -mthumb -o "Src/sct.o"
arm-none-eabi-gcc -o "cv3.elf" @"objects.list"   -mcpu=cortex-m0 -T"V:\MKS\MKS\cv3\STM32F030R8TX_FLASH.ld" --specs=nosys.specs -Wl,-Map="cv3.map" -Wl,--gc-sections -static --specs=nano.specs -mfloat-abi=soft -mthumb -Wl,--start-group -lc -lm -Wl,--end-group
Finished building target: cv3.elf
 
arm-none-eabi-size   cv3.elf 
arm-none-eabi-objdump -h -S  cv3.elf  > "cv3.list"
   text	   data	    bss	    dec	    hex	filename
    808	      8	   1568	   2384	    950	cv3.elf
Finished building: default.size.stdout
 
Finished building: cv3.list
 
15:14:50 **** Incremental Build of configuration Debug for project cv3 ****
make -j4 all 
arm-none-eabi-gcc "../Src/main.c" -mcpu=cortex-m0 -std=gnu11 -g3 -DDEBUG -DSTM32F030x8 -DSTM32F030R8Tx -DSTM32 -DSTM32F0 -DNUCLEO_F030R8 -c -I../Inc -I"V:/MKS/MKS/cv1/Device/ST/STM32F0xx/Include" -I"V:/MKS/MKS/cv1/Include" -O0 -ffunction-sections -fdata-sections -Wall -fstack-usage -MMD -MP -MF"Src/main.d" -MT"Src/main.o" --specs=nano.specs -mfloat-abi=soft -mthumb -o "Src/main.o"
arm-none-eabi-gcc "../Src/sct.c" -mcpu=cortex-m0 -std=gnu11 -g3 -DDEBUG -DSTM32F030x8 -DSTM32F030R8Tx -DSTM32 -DSTM32F0 -DNUCLEO_F030R8 -c -I../Inc -I"V:/MKS/MKS/cv1/Device/ST/STM32F0xx/Include" -I"V:/MKS/MKS/cv1/Include" -O0 -ffunction-sections -fdata-sections -Wall -fstack-usage -MMD -MP -MF"Src/sct.d" -MT"Src/sct.o" --specs=nano.specs -mfloat-abi=soft -mthumb -o "Src/sct.o"
arm-none-eabi-gcc -o "cv3.elf" @"objects.list"   -mcpu=cortex-m0 -T"V:\MKS\MKS\cv3\STM32F030R8TX_FLASH.ld" --specs=nosys.specs -Wl,-Map="cv3.map" -Wl,--gc-sections -static --specs=nano.specs -mfloat-abi=soft -mthumb -Wl,--start-group -lc -lm -Wl,--end-group
Finished building target: cv3.elf
 
arm-none-eabi-size   cv3.elf 
arm-none-eabi-objdump -h -S  cv3.elf  > "cv3.list"
   text	   data	    bss	    dec	    hex	filename
   1368	      8	   1568	   2944	    b80	cv3.elf
Finished building: default.size.stdout
 
Finished building: cv3.list
 
15:20:28 **** Incremental Build of configuration Debug for project cv3 ****
make -j4 all 
arm-none-eabi-gcc "../Src/main.c" -mcpu=cortex-m0 -std=gnu11 -g3 -DDEBUG -DSTM32F030x8 -DSTM32F030R8Tx -DSTM32 -DSTM32F0 -DNUCLEO_F030R8 -c -I../Inc -I"V:/MKS/MKS/cv1/Device/ST/STM32F0xx/Include" -I"V:/MKS/MKS/cv1/Include" -O0 -ffunction-sections -fdata-sections -Wall -fstack-usage -MMD -MP -MF"Src/main.d" -MT"Src/main.o" --specs=nano.specs -mfloat-abi=soft -mthumb -o "Src/main.o"
../Src/main.c: In function 'SysTick_Handler':
../Src/main.c:160:2: error: 'Tick' undeclared (first use in this function)
  160 |  Tick++;
      |  ^~~~
../Src/main.c:160:2: note: each undeclared identifier is reported only once for each function it appears in
make: *** [Src/subdir.mk:31: Src/main.o] Error 1
"make -j4 all" terminated with exit code 2. Build might be incomplete.
15:20:42 **** Incremental Build of configuration Debug for project cv3 ****
make -j4 all 
arm-none-eabi-gcc "../Src/main.c" -mcpu=cortex-m0 -std=gnu11 -g3 -DDEBUG -DSTM32F030x8 -DSTM32F030R8Tx -DSTM32 -DSTM32F0 -DNUCLEO_F030R8 -c -I../Inc -I"V:/MKS/MKS/cv1/Device/ST/STM32F0xx/Include" -I"V:/MKS/MKS/cv1/Include" -O0 -ffunction-sections -fdata-sections -Wall -fstack-usage -MMD -MP -MF"Src/main.d" -MT"Src/main.o" --specs=nano.specs -mfloat-abi=soft -mthumb -o "Src/main.o"
arm-none-eabi-gcc -o "cv3.elf" @"objects.list"   -mcpu=cortex-m0 -T"V:\MKS\MKS\cv3\STM32F030R8TX_FLASH.ld" --specs=nosys.specs -Wl,-Map="cv3.map" -Wl,--gc-sections -static --specs=nano.specs -mfloat-abi=soft -mthumb -Wl,--start-group -lc -lm -Wl,--end-group
Finished building target: cv3.elf
 
arm-none-eabi-size   cv3.elf 
arm-none-eabi-objdump -h -S  cv3.elf  > "cv3.list"
   text	   data	    bss	    dec	    hex	filename
   1496	      8	   1568	   3072	    c00	cv3.elf
Finished building: default.size.stdout
 
Finished building: cv3.list
 
15:21:06 **** Incremental Build of configuration Debug for project cv3 ****
make -j4 all 
arm-none-eabi-gcc "../Src/main.c" -mcpu=cortex-m0 -std=gnu11 -g3 -DDEBUG -DSTM32F030x8 -DSTM32F030R8Tx -DSTM32 -DSTM32F0 -DNUCLEO_F030R8 -c -I../Inc -I"V:/MKS/MKS/cv1/Device/ST/STM32F0xx/Include" -I"V:/MKS/MKS/cv1/Include" -O0 -ffunction-sections -fdata-sections -Wall -fstack-usage -MMD -MP -MF"Src/main.d" -MT"Src/main.o" --specs=nano.specs -mfloat-abi=soft -mthumb -o "Src/main.o"
arm-none-eabi-gcc -o "cv3.elf" @"objects.list"   -mcpu=cortex-m0 -T"V:\MKS\MKS\cv3\STM32F030R8TX_FLASH.ld" --specs=nosys.specs -Wl,-Map="cv3.map" -Wl,--gc-sections -static --specs=nano.specs -mfloat-abi=soft -mthumb -Wl,--start-group -lc -lm -Wl,--end-group
Finished building target: cv3.elf
 
arm-none-eabi-size   cv3.elf 
arm-none-eabi-objdump -h -S  cv3.elf  > "cv3.list"
   text	   data	    bss	    dec	    hex	filename
   1496	      8	   1568	   3072	    c00	cv3.elf
Finished building: default.size.stdout
 
Finished building: cv3.list
 
15:25:08 **** Incremental Build of configuration Debug for project cv3 ****
make -j4 all 
arm-none-eabi-gcc "../Src/main.c" -mcpu=cortex-m0 -std=gnu11 -g3 -DDEBUG -DSTM32F030x8 -DSTM32F030R8Tx -DSTM32 -DSTM32F0 -DNUCLEO_F030R8 -c -I../Inc -I"V:/MKS/MKS/cv1/Device/ST/STM32F0xx/Include" -I"V:/MKS/MKS/cv1/Include" -O0 -ffunction-sections -fdata-sections -Wall -fstack-usage -MMD -MP -MF"Src/main.d" -MT"Src/main.o" --specs=nano.specs -mfloat-abi=soft -mthumb -o "Src/main.o"
arm-none-eabi-gcc -o "cv3.elf" @"objects.list"   -mcpu=cortex-m0 -T"V:\MKS\MKS\cv3\STM32F030R8TX_FLASH.ld" --specs=nosys.specs -Wl,-Map="cv3.map" -Wl,--gc-sections -static --specs=nano.specs -mfloat-abi=soft -mthumb -Wl,--start-group -lc -lm -Wl,--end-group
Finished building target: cv3.elf
 
arm-none-eabi-size   cv3.elf 
arm-none-eabi-objdump -h -S  cv3.elf  > "cv3.list"
   text	   data	    bss	    dec	    hex	filename
   1708	      8	   1568	   3284	    cd4	cv3.elf
Finished building: default.size.stdout
 
Finished building: cv3.list
 
15:26:06 **** Incremental Build of configuration Debug for project cv3 ****
make -j4 all 
arm-none-eabi-gcc "../Src/main.c" -mcpu=cortex-m0 -std=gnu11 -g3 -DDEBUG -DSTM32F030x8 -DSTM32F030R8Tx -DSTM32 -DSTM32F0 -DNUCLEO_F030R8 -c -I../Inc -I"V:/MKS/MKS/cv1/Device/ST/STM32F0xx/Include" -I"V:/MKS/MKS/cv1/Include" -O0 -ffunction-sections -fdata-sections -Wall -fstack-usage -MMD -MP -MF"Src/main.d" -MT"Src/main.o" --specs=nano.specs -mfloat-abi=soft -mthumb -o "Src/main.o"
arm-none-eabi-gcc -o "cv3.elf" @"objects.list"   -mcpu=cortex-m0 -T"V:\MKS\MKS\cv3\STM32F030R8TX_FLASH.ld" --specs=nosys.specs -Wl,-Map="cv3.map" -Wl,--gc-sections -static --specs=nano.specs -mfloat-abi=soft -mthumb -Wl,--start-group -lc -lm -Wl,--end-group
Finished building target: cv3.elf
 
arm-none-eabi-size   cv3.elf 
arm-none-eabi-objdump -h -S  cv3.elf  > "cv3.list"
   text	   data	    bss	    dec	    hex	filename
   1724	      8	   1568	   3300	    ce4	cv3.elf
Finished building: default.size.stdout
 
Finished building: cv3.list
 
15:27:34 **** Incremental Build of configuration Debug for project cv3 ****
make -j4 all 
arm-none-eabi-gcc "../Src/main.c" -mcpu=cortex-m0 -std=gnu11 -g3 -DDEBUG -DSTM32F030x8 -DSTM32F030R8Tx -DSTM32 -DSTM32F0 -DNUCLEO_F030R8 -c -I../Inc -I"V:/MKS/MKS/cv1/Device/ST/STM32F0xx/Include" -I"V:/MKS/MKS/cv1/Include" -O0 -ffunction-sections -fdata-sections -Wall -fstack-usage -MMD -MP -MF"Src/main.d" -MT"Src/main.o" --specs=nano.specs -mfloat-abi=soft -mthumb -o "Src/main.o"
arm-none-eabi-gcc -o "cv3.elf" @"objects.list"   -mcpu=cortex-m0 -T"V:\MKS\MKS\cv3\STM32F030R8TX_FLASH.ld" --specs=nosys.specs -Wl,-Map="cv3.map" -Wl,--gc-sections -static --specs=nano.specs -mfloat-abi=soft -mthumb -Wl,--start-group -lc -lm -Wl,--end-group
Finished building target: cv3.elf
 
arm-none-eabi-size   cv3.elf 
arm-none-eabi-objdump -h -S  cv3.elf  > "cv3.list"
   text	   data	    bss	    dec	    hex	filename
   1720	      8	   1568	   3296	    ce0	cv3.elf
Finished building: default.size.stdout
 
Finished building: cv3.list
 
15:49:05 **** Incremental Build of configuration Debug for project cv3 ****
make -j4 all 
arm-none-eabi-gcc "../Src/main.c" -mcpu=cortex-m0 -std=gnu11 -g3 -DDEBUG -DSTM32F030x8 -DSTM32F030R8Tx -DSTM32 -DSTM32F0 -DNUCLEO_F030R8 -c -I../Inc -I"V:/MKS/MKS/cv1/Device/ST/STM32F0xx/Include" -I"V:/MKS/MKS/cv1/Include" -O0 -ffunction-sections -fdata-sections -Wall -fstack-usage -MMD -MP -MF"Src/main.d" -MT"Src/main.o" --specs=nano.specs -mfloat-abi=soft -mthumb -o "Src/main.o"
arm-none-eabi-gcc -o "cv3.elf" @"objects.list"   -mcpu=cortex-m0 -T"V:\MKS\MKS\cv3\STM32F030R8TX_FLASH.ld" --specs=nosys.specs -Wl,-Map="cv3.map" -Wl,--gc-sections -static --specs=nano.specs -mfloat-abi=soft -mthumb -Wl,--start-group -lc -lm -Wl,--end-group
Finished building target: cv3.elf
 
arm-none-eabi-size   cv3.elf 
arm-none-eabi-objdump -h -S  cv3.elf  > "cv3.list"
   text	   data	    bss	    dec	    hex	filename
   1748	      8	   1568	   3324	    cfc	cv3.elf
Finished building: default.size.stdout
 
Finished building: cv3.list
 
15:59:30 **** Build of configuration Debug for project cv3_HAL ****
make -j4 all 
arm-none-eabi-gcc "../Drivers/STM32F0xx_HAL_Driver/Src/stm32f0xx_hal.c" -mcpu=cortex-m0 -std=gnu11 -g3 -DDEBUG -DUSE_HAL_DRIVER -DSTM32F030x8 -c -I../Core/Inc -I../Drivers/STM32F0xx_HAL_Driver/Inc -I../Drivers/STM32F0xx_HAL_Driver/Inc/Legacy -I../Drivers/CMSIS/Device/ST/STM32F0xx/Include -I../Drivers/CMSIS/Include -O0 -ffunction-sections -fdata-sections -Wall -fstack-usage -MMD -MP -MF"Drivers/STM32F0xx_HAL_Driver/Src/stm32f0xx_hal.d" -MT"Drivers/STM32F0xx_HAL_Driver/Src/stm32f0xx_hal.o" --specs=nano.specs -mfloat-abi=soft -mthumb -o "Drivers/STM32F0xx_HAL_Driver/Src/stm32f0xx_hal.o"
arm-none-eabi-gcc "../Drivers/STM32F0xx_HAL_Driver/Src/stm32f0xx_hal_cortex.c" -mcpu=cortex-m0 -std=gnu11 -g3 -DDEBUG -DUSE_HAL_DRIVER -DSTM32F030x8 -c -I../Core/Inc -I../Drivers/STM32F0xx_HAL_Driver/Inc -I../Drivers/STM32F0xx_HAL_Driver/Inc/Legacy -I../Drivers/CMSIS/Device/ST/STM32F0xx/Include -I../Drivers/CMSIS/Include -O0 -ffunction-sections -fdata-sections -Wall -fstack-usage -MMD -MP -MF"Drivers/STM32F0xx_HAL_Driver/Src/stm32f0xx_hal_cortex.d" -MT"Drivers/STM32F0xx_HAL_Driver/Src/stm32f0xx_hal_cortex.o" --specs=nano.specs -mfloat-abi=soft -mthumb -o "Drivers/STM32F0xx_HAL_Driver/Src/stm32f0xx_hal_cortex.o"
arm-none-eabi-gcc "../Drivers/STM32F0xx_HAL_Driver/Src/stm32f0xx_hal_dma.c" -mcpu=cortex-m0 -std=gnu11 -g3 -DDEBUG -DUSE_HAL_DRIVER -DSTM32F030x8 -c -I../Core/Inc -I../Drivers/STM32F0xx_HAL_Driver/Inc -I../Drivers/STM32F0xx_HAL_Driver/Inc/Legacy -I../Drivers/CMSIS/Device/ST/STM32F0xx/Include -I../Drivers/CMSIS/Include -O0 -ffunction-sections -fdata-sections -Wall -fstack-usage -MMD -MP -MF"Drivers/STM32F0xx_HAL_Driver/Src/stm32f0xx_hal_dma.d" -MT"Drivers/STM32F0xx_HAL_Driver/Src/stm32f0xx_hal_dma.o" --specs=nano.specs -mfloat-abi=soft -mthumb -o "Drivers/STM32F0xx_HAL_Driver/Src/stm32f0xx_hal_dma.o"
arm-none-eabi-gcc "../Drivers/STM32F0xx_HAL_Driver/Src/stm32f0xx_hal_exti.c" -mcpu=cortex-m0 -std=gnu11 -g3 -DDEBUG -DUSE_HAL_DRIVER -DSTM32F030x8 -c -I../Core/Inc -I../Drivers/STM32F0xx_HAL_Driver/Inc -I../Drivers/STM32F0xx_HAL_Driver/Inc/Legacy -I../Drivers/CMSIS/Device/ST/STM32F0xx/Include -I../Drivers/CMSIS/Include -O0 -ffunction-sections -fdata-sections -Wall -fstack-usage -MMD -MP -MF"Drivers/STM32F0xx_HAL_Driver/Src/stm32f0xx_hal_exti.d" -MT"Drivers/STM32F0xx_HAL_Driver/Src/stm32f0xx_hal_exti.o" --specs=nano.specs -mfloat-abi=soft -mthumb -o "Drivers/STM32F0xx_HAL_Driver/Src/stm32f0xx_hal_exti.o"
arm-none-eabi-gcc "../Drivers/STM32F0xx_HAL_Driver/Src/stm32f0xx_hal_flash.c" -mcpu=cortex-m0 -std=gnu11 -g3 -DDEBUG -DUSE_HAL_DRIVER -DSTM32F030x8 -c -I../Core/Inc -I../Drivers/STM32F0xx_HAL_Driver/Inc -I../Drivers/STM32F0xx_HAL_Driver/Inc/Legacy -I../Drivers/CMSIS/Device/ST/STM32F0xx/Include -I../Drivers/CMSIS/Include -O0 -ffunction-sections -fdata-sections -Wall -fstack-usage -MMD -MP -MF"Drivers/STM32F0xx_HAL_Driver/Src/stm32f0xx_hal_flash.d" -MT"Drivers/STM32F0xx_HAL_Driver/Src/stm32f0xx_hal_flash.o" --specs=nano.specs -mfloat-abi=soft -mthumb -o "Drivers/STM32F0xx_HAL_Driver/Src/stm32f0xx_hal_flash.o"
arm-none-eabi-gcc "../Drivers/STM32F0xx_HAL_Driver/Src/stm32f0xx_hal_flash_ex.c" -mcpu=cortex-m0 -std=gnu11 -g3 -DDEBUG -DUSE_HAL_DRIVER -DSTM32F030x8 -c -I../Core/Inc -I../Drivers/STM32F0xx_HAL_Driver/Inc -I../Drivers/STM32F0xx_HAL_Driver/Inc/Legacy -I../Drivers/CMSIS/Device/ST/STM32F0xx/Include -I../Drivers/CMSIS/Include -O0 -ffunction-sections -fdata-sections -Wall -fstack-usage -MMD -MP -MF"Drivers/STM32F0xx_HAL_Driver/Src/stm32f0xx_hal_flash_ex.d" -MT"Drivers/STM32F0xx_HAL_Driver/Src/stm32f0xx_hal_flash_ex.o" --specs=nano.specs -mfloat-abi=soft -mthumb -o "Drivers/STM32F0xx_HAL_Driver/Src/stm32f0xx_hal_flash_ex.o"
arm-none-eabi-gcc "../Drivers/STM32F0xx_HAL_Driver/Src/stm32f0xx_hal_gpio.c" -mcpu=cortex-m0 -std=gnu11 -g3 -DDEBUG -DUSE_HAL_DRIVER -DSTM32F030x8 -c -I../Core/Inc -I../Drivers/STM32F0xx_HAL_Driver/Inc -I../Drivers/STM32F0xx_HAL_Driver/Inc/Legacy -I../Drivers/CMSIS/Device/ST/STM32F0xx/Include -I../Drivers/CMSIS/Include -O0 -ffunction-sections -fdata-sections -Wall -fstack-usage -MMD -MP -MF"Drivers/STM32F0xx_HAL_Driver/Src/stm32f0xx_hal_gpio.d" -MT"Drivers/STM32F0xx_HAL_Driver/Src/stm32f0xx_hal_gpio.o" --specs=nano.specs -mfloat-abi=soft -mthumb -o "Drivers/STM32F0xx_HAL_Driver/Src/stm32f0xx_hal_gpio.o"
arm-none-eabi-gcc "../Drivers/STM32F0xx_HAL_Driver/Src/stm32f0xx_hal_i2c.c" -mcpu=cortex-m0 -std=gnu11 -g3 -DDEBUG -DUSE_HAL_DRIVER -DSTM32F030x8 -c -I../Core/Inc -I../Drivers/STM32F0xx_HAL_Driver/Inc -I../Drivers/STM32F0xx_HAL_Driver/Inc/Legacy -I../Drivers/CMSIS/Device/ST/STM32F0xx/Include -I../Drivers/CMSIS/Include -O0 -ffunction-sections -fdata-sections -Wall -fstack-usage -MMD -MP -MF"Drivers/STM32F0xx_HAL_Driver/Src/stm32f0xx_hal_i2c.d" -MT"Drivers/STM32F0xx_HAL_Driver/Src/stm32f0xx_hal_i2c.o" --specs=nano.specs -mfloat-abi=soft -mthumb -o "Drivers/STM32F0xx_HAL_Driver/Src/stm32f0xx_hal_i2c.o"
arm-none-eabi-gcc "../Drivers/STM32F0xx_HAL_Driver/Src/stm32f0xx_hal_i2c_ex.c" -mcpu=cortex-m0 -std=gnu11 -g3 -DDEBUG -DUSE_HAL_DRIVER -DSTM32F030x8 -c -I../Core/Inc -I../Drivers/STM32F0xx_HAL_Driver/Inc -I../Drivers/STM32F0xx_HAL_Driver/Inc/Legacy -I../Drivers/CMSIS/Device/ST/STM32F0xx/Include -I../Drivers/CMSIS/Include -O0 -ffunction-sections -fdata-sections -Wall -fstack-usage -MMD -MP -MF"Drivers/STM32F0xx_HAL_Driver/Src/stm32f0xx_hal_i2c_ex.d" -MT"Drivers/STM32F0xx_HAL_Driver/Src/stm32f0xx_hal_i2c_ex.o" --specs=nano.specs -mfloat-abi=soft -mthumb -o "Drivers/STM32F0xx_HAL_Driver/Src/stm32f0xx_hal_i2c_ex.o"
arm-none-eabi-gcc "../Drivers/STM32F0xx_HAL_Driver/Src/stm32f0xx_hal_pwr.c" -mcpu=cortex-m0 -std=gnu11 -g3 -DDEBUG -DUSE_HAL_DRIVER -DSTM32F030x8 -c -I../Core/Inc -I../Drivers/STM32F0xx_HAL_Driver/Inc -I../Drivers/STM32F0xx_HAL_Driver/Inc/Legacy -I../Drivers/CMSIS/Device/ST/STM32F0xx/Include -I../Drivers/CMSIS/Include -O0 -ffunction-sections -fdata-sections -Wall -fstack-usage -MMD -MP -MF"Drivers/STM32F0xx_HAL_Driver/Src/stm32f0xx_hal_pwr.d" -MT"Drivers/STM32F0xx_HAL_Driver/Src/stm32f0xx_hal_pwr.o" --specs=nano.specs -mfloat-abi=soft -mthumb -o "Drivers/STM32F0xx_HAL_Driver/Src/stm32f0xx_hal_pwr.o"
arm-none-eabi-gcc "../Drivers/STM32F0xx_HAL_Driver/Src/stm32f0xx_hal_pwr_ex.c" -mcpu=cortex-m0 -std=gnu11 -g3 -DDEBUG -DUSE_HAL_DRIVER -DSTM32F030x8 -c -I../Core/Inc -I../Drivers/STM32F0xx_HAL_Driver/Inc -I../Drivers/STM32F0xx_HAL_Driver/Inc/Legacy -I../Drivers/CMSIS/Device/ST/STM32F0xx/Include -I../Drivers/CMSIS/Include -O0 -ffunction-sections -fdata-sections -Wall -fstack-usage -MMD -MP -MF"Drivers/STM32F0xx_HAL_Driver/Src/stm32f0xx_hal_pwr_ex.d" -MT"Drivers/STM32F0xx_HAL_Driver/Src/stm32f0xx_hal_pwr_ex.o" --specs=nano.specs -mfloat-abi=soft -mthumb -o "Drivers/STM32F0xx_HAL_Driver/Src/stm32f0xx_hal_pwr_ex.o"
arm-none-eabi-gcc "../Drivers/STM32F0xx_HAL_Driver/Src/stm32f0xx_hal_rcc.c" -mcpu=cortex-m0 -std=gnu11 -g3 -DDEBUG -DUSE_HAL_DRIVER -DSTM32F030x8 -c -I../Core/Inc -I../Drivers/STM32F0xx_HAL_Driver/Inc -I../Drivers/STM32F0xx_HAL_Driver/Inc/Legacy -I../Drivers/CMSIS/Device/ST/STM32F0xx/Include -I../Drivers/CMSIS/Include -O0 -ffunction-sections -fdata-sections -Wall -fstack-usage -MMD -MP -MF"Drivers/STM32F0xx_HAL_Driver/Src/stm32f0xx_hal_rcc.d" -MT"Drivers/STM32F0xx_HAL_Driver/Src/stm32f0xx_hal_rcc.o" --specs=nano.specs -mfloat-abi=soft -mthumb -o "Drivers/STM32F0xx_HAL_Driver/Src/stm32f0xx_hal_rcc.o"
arm-none-eabi-gcc "../Drivers/STM32F0xx_HAL_Driver/Src/stm32f0xx_hal_rcc_ex.c" -mcpu=cortex-m0 -std=gnu11 -g3 -DDEBUG -DUSE_HAL_DRIVER -DSTM32F030x8 -c -I../Core/Inc -I../Drivers/STM32F0xx_HAL_Driver/Inc -I../Drivers/STM32F0xx_HAL_Driver/Inc/Legacy -I../Drivers/CMSIS/Device/ST/STM32F0xx/Include -I../Drivers/CMSIS/Include -O0 -ffunction-sections -fdata-sections -Wall -fstack-usage -MMD -MP -MF"Drivers/STM32F0xx_HAL_Driver/Src/stm32f0xx_hal_rcc_ex.d" -MT"Drivers/STM32F0xx_HAL_Driver/Src/stm32f0xx_hal_rcc_ex.o" --specs=nano.specs -mfloat-abi=soft -mthumb -o "Drivers/STM32F0xx_HAL_Driver/Src/stm32f0xx_hal_rcc_ex.o"
arm-none-eabi-gcc "../Drivers/STM32F0xx_HAL_Driver/Src/stm32f0xx_hal_tim.c" -mcpu=cortex-m0 -std=gnu11 -g3 -DDEBUG -DUSE_HAL_DRIVER -DSTM32F030x8 -c -I../Core/Inc -I../Drivers/STM32F0xx_HAL_Driver/Inc -I../Drivers/STM32F0xx_HAL_Driver/Inc/Legacy -I../Drivers/CMSIS/Device/ST/STM32F0xx/Include -I../Drivers/CMSIS/Include -O0 -ffunction-sections -fdata-sections -Wall -fstack-usage -MMD -MP -MF"Drivers/STM32F0xx_HAL_Driver/Src/stm32f0xx_hal_tim.d" -MT"Drivers/STM32F0xx_HAL_Driver/Src/stm32f0xx_hal_tim.o" --specs=nano.specs -mfloat-abi=soft -mthumb -o "Drivers/STM32F0xx_HAL_Driver/Src/stm32f0xx_hal_tim.o"
arm-none-eabi-gcc "../Drivers/STM32F0xx_HAL_Driver/Src/stm32f0xx_hal_tim_ex.c" -mcpu=cortex-m0 -std=gnu11 -g3 -DDEBUG -DUSE_HAL_DRIVER -DSTM32F030x8 -c -I../Core/Inc -I../Drivers/STM32F0xx_HAL_Driver/Inc -I../Drivers/STM32F0xx_HAL_Driver/Inc/Legacy -I../Drivers/CMSIS/Device/ST/STM32F0xx/Include -I../Drivers/CMSIS/Include -O0 -ffunction-sections -fdata-sections -Wall -fstack-usage -MMD -MP -MF"Drivers/STM32F0xx_HAL_Driver/Src/stm32f0xx_hal_tim_ex.d" -MT"Drivers/STM32F0xx_HAL_Driver/Src/stm32f0xx_hal_tim_ex.o" --specs=nano.specs -mfloat-abi=soft -mthumb -o "Drivers/STM32F0xx_HAL_Driver/Src/stm32f0xx_hal_tim_ex.o"
arm-none-eabi-gcc "../Drivers/STM32F0xx_HAL_Driver/Src/stm32f0xx_hal_uart.c" -mcpu=cortex-m0 -std=gnu11 -g3 -DDEBUG -DUSE_HAL_DRIVER -DSTM32F030x8 -c -I../Core/Inc -I../Drivers/STM32F0xx_HAL_Driver/Inc -I../Drivers/STM32F0xx_HAL_Driver/Inc/Legacy -I../Drivers/CMSIS/Device/ST/STM32F0xx/Include -I../Drivers/CMSIS/Include -O0 -ffunction-sections -fdata-sections -Wall -fstack-usage -MMD -MP -MF"Drivers/STM32F0xx_HAL_Driver/Src/stm32f0xx_hal_uart.d" -MT"Drivers/STM32F0xx_HAL_Driver/Src/stm32f0xx_hal_uart.o" --specs=nano.specs -mfloat-abi=soft -mthumb -o "Drivers/STM32F0xx_HAL_Driver/Src/stm32f0xx_hal_uart.o"
arm-none-eabi-gcc "../Drivers/STM32F0xx_HAL_Driver/Src/stm32f0xx_hal_uart_ex.c" -mcpu=cortex-m0 -std=gnu11 -g3 -DDEBUG -DUSE_HAL_DRIVER -DSTM32F030x8 -c -I../Core/Inc -I../Drivers/STM32F0xx_HAL_Driver/Inc -I../Drivers/STM32F0xx_HAL_Driver/Inc/Legacy -I../Drivers/CMSIS/Device/ST/STM32F0xx/Include -I../Drivers/CMSIS/Include -O0 -ffunction-sections -fdata-sections -Wall -fstack-usage -MMD -MP -MF"Drivers/STM32F0xx_HAL_Driver/Src/stm32f0xx_hal_uart_ex.d" -MT"Drivers/STM32F0xx_HAL_Driver/Src/stm32f0xx_hal_uart_ex.o" --specs=nano.specs -mfloat-abi=soft -mthumb -o "Drivers/STM32F0xx_HAL_Driver/Src/stm32f0xx_hal_uart_ex.o"
arm-none-eabi-gcc -mcpu=cortex-m0 -g3 -DDEBUG -c -x assembler-with-cpp -MMD -MP -MF"Core/Startup/startup_stm32f030r8tx.d" -MT"Core/Startup/startup_stm32f030r8tx.o" --specs=nano.specs -mfloat-abi=soft -mthumb -o "Core/Startup/startup_stm32f030r8tx.o" "../Core/Startup/startup_stm32f030r8tx.s"
arm-none-eabi-gcc "../Core/Src/main.c" -mcpu=cortex-m0 -std=gnu11 -g3 -DDEBUG -DUSE_HAL_DRIVER -DSTM32F030x8 -c -I../Core/Inc -I../Drivers/STM32F0xx_HAL_Driver/Inc -I../Drivers/STM32F0xx_HAL_Driver/Inc/Legacy -I../Drivers/CMSIS/Device/ST/STM32F0xx/Include -I../Drivers/CMSIS/Include -O0 -ffunction-sections -fdata-sections -Wall -fstack-usage -MMD -MP -MF"Core/Src/main.d" -MT"Core/Src/main.o" --specs=nano.specs -mfloat-abi=soft -mthumb -o "Core/Src/main.o"
arm-none-eabi-gcc "../Core/Src/sct.c" -mcpu=cortex-m0 -std=gnu11 -g3 -DDEBUG -DUSE_HAL_DRIVER -DSTM32F030x8 -c -I../Core/Inc -I../Drivers/STM32F0xx_HAL_Driver/Inc -I../Drivers/STM32F0xx_HAL_Driver/Inc/Legacy -I../Drivers/CMSIS/Device/ST/STM32F0xx/Include -I../Drivers/CMSIS/Include -O0 -ffunction-sections -fdata-sections -Wall -fstack-usage -MMD -MP -MF"Core/Src/sct.d" -MT"Core/Src/sct.o" --specs=nano.specs -mfloat-abi=soft -mthumb -o "Core/Src/sct.o"
arm-none-eabi-gcc "../Core/Src/stm32f0xx_hal_msp.c" -mcpu=cortex-m0 -std=gnu11 -g3 -DDEBUG -DUSE_HAL_DRIVER -DSTM32F030x8 -c -I../Core/Inc -I../Drivers/STM32F0xx_HAL_Driver/Inc -I../Drivers/STM32F0xx_HAL_Driver/Inc/Legacy -I../Drivers/CMSIS/Device/ST/STM32F0xx/Include -I../Drivers/CMSIS/Include -O0 -ffunction-sections -fdata-sections -Wall -fstack-usage -MMD -MP -MF"Core/Src/stm32f0xx_hal_msp.d" -MT"Core/Src/stm32f0xx_hal_msp.o" --specs=nano.specs -mfloat-abi=soft -mthumb -o "Core/Src/stm32f0xx_hal_msp.o"
[...]
 
Finished building: cv_5.list
 
16:17:07 **** Incremental Build of configuration Debug for project cv_5 ****
make -j4 all 
arm-none-eabi-gcc "../Core/Src/main.c" -mcpu=cortex-m0 -std=gnu11 -g3 -DDEBUG -DUSE_HAL_DRIVER -DSTM32F030x8 -c -I../Core/Inc -I../Drivers/STM32F0xx_HAL_Driver/Inc -I../Drivers/STM32F0xx_HAL_Driver/Inc/Legacy -I../Drivers/CMSIS/Device/ST/STM32F0xx/Include -I../Drivers/CMSIS/Include -O0 -ffunction-sections -fdata-sections -Wall -fstack-usage -MMD -MP -MF"Core/Src/main.d" -MT"Core/Src/main.o" --specs=nano.specs -mfloat-abi=soft -mthumb -o "Core/Src/main.o"
arm-none-eabi-gcc -o "cv_5.elf" @"objects.list"   -mcpu=cortex-m0 -T"V:\MKS\MKS\cv_5\STM32F030R8TX_FLASH.ld" --specs=nosys.specs -Wl,-Map="cv_5.map" -Wl,--gc-sections -static --specs=nano.specs -mfloat-abi=soft -mthumb -Wl,--start-group -lc -lm -Wl,--end-group
Finished building target: cv_5.elf
 
arm-none-eabi-size   cv_5.elf 
arm-none-eabi-objdump -h -S  cv_5.elf  > "cv_5.list"
   text	   data	    bss	    dec	    hex	filename
  21376	    120	   2200	  23696	   5c90	cv_5.elf
Finished building: default.size.stdout
 
Finished building: cv_5.list
 
16:24:47 **** Incremental Build of configuration Debug for project cv_5 ****
make -j4 all 
arm-none-eabi-gcc "../Core/Src/main.c" -mcpu=cortex-m0 -std=gnu11 -g3 -DDEBUG -DUSE_HAL_DRIVER -DSTM32F030x8 -c -I../Core/Inc -I../Drivers/STM32F0xx_HAL_Driver/Inc -I../Drivers/STM32F0xx_HAL_Driver/Inc/Legacy -I../Drivers/CMSIS/Device/ST/STM32F0xx/Include -I../Drivers/CMSIS/Include -O0 -ffunction-sections -fdata-sections -Wall -fstack-usage -MMD -MP -MF"Core/Src/main.d" -MT"Core/Src/main.o" --specs=nano.specs -mfloat-abi=soft -mthumb -o "Core/Src/main.o"
../Core/Src/main.c: In function 'uart_process_command':
../Core/Src/main.c:154:4: warning: implicit declaration of function 'HAL_I2C_Mem_READ'; did you mean 'HAL_I2C_Mem_Read'? [-Wimplicit-function-declaration]
  154 |    HAL_I2C_Mem_READ(&hi2c1, EEPROM_ADDR, i, I2C_MEMADD_SIZE_16BIT, &value, 1, 1000); // bus name, device address, memory address, memory indexing method, where to save the read data, number of bytes to read, timeout
      |    ^~~~~~~~~~~~~~~~
      |    HAL_I2C_Mem_Read
arm-none-eabi-gcc -o "cv_5.elf" @"objects.list"   -mcpu=cortex-m0 -T"V:\MKS\MKS\cv_5\STM32F030R8TX_FLASH.ld" --specs=nosys.specs -Wl,-Map="cv_5.map" -Wl,--gc-sections -static --specs=nano.specs -mfloat-abi=soft -mthumb -Wl,--start-group -lc -lm -Wl,--end-group
c:\appz\st\stm32cubeide_1.10.1\stm32cubeide\plugins\com.st.stm32cube.ide.mcu.externaltools.gnu-tools-for-stm32.10.3-2021.10.win32_1.0.0.202111181127\tools\arm-none-eabi\bin\ld.exe: ./Core/Src/main.o: in function `uart_process_command':
V:/MKS/MKS/cv_5/Debug/../Core/Src/main.c:154: undefined reference to `HAL_I2C_Mem_READ'
collect2.exe: error: ld returned 1 exit status
make: *** [makefile:64: cv_5.elf] Error 1
"make -j4 all" terminated with exit code 2. Build might be incomplete.
16:25:10 **** Incremental Build of configuration Debug for project cv_5 ****
make -j4 all 
arm-none-eabi-gcc "../Core/Src/main.c" -mcpu=cortex-m0 -std=gnu11 -g3 -DDEBUG -DUSE_HAL_DRIVER -DSTM32F030x8 -c -I../Core/Inc -I../Drivers/STM32F0xx_HAL_Driver/Inc -I../Drivers/STM32F0xx_HAL_Driver/Inc/Legacy -I../Drivers/CMSIS/Device/ST/STM32F0xx/Include -I../Drivers/CMSIS/Include -O0 -ffunction-sections -fdata-sections -Wall -fstack-usage -MMD -MP -MF"Core/Src/main.d" -MT"Core/Src/main.o" --specs=nano.specs -mfloat-abi=soft -mthumb -o "Core/Src/main.o"
arm-none-eabi-gcc -o "cv_5.elf" @"objects.list"   -mcpu=cortex-m0 -T"V:\MKS\MKS\cv_5\STM32F030R8TX_FLASH.ld" --specs=nosys.specs -Wl,-Map="cv_5.map" -Wl,--gc-sections -static --specs=nano.specs -mfloat-abi=soft -mthumb -Wl,--start-group -lc -lm -Wl,--end-group
Finished building target: cv_5.elf
 
arm-none-eabi-size   cv_5.elf 
arm-none-eabi-objdump -h -S  cv_5.elf  > "cv_5.list"
   text	   data	    bss	    dec	    hex	filename
  21728	    120	   2200	  24048	   5df0	cv_5.elf
Finished building: default.size.stdout
 
Finished building: cv_5.list
 
16:25:47 **** Incremental Build of configuration Debug for project cv_5 ****
make -j4 all 
arm-none-eabi-gcc "../Core/Src/main.c" -mcpu=cortex-m0 -std=gnu11 -g3 -DDEBUG -DUSE_HAL_DRIVER -DSTM32F030x8 -c -I../Core/Inc -I../Drivers/STM32F0xx_HAL_Driver/Inc -I../Drivers/STM32F0xx_HAL_Driver/Inc/Legacy -I../Drivers/CMSIS/Device/ST/STM32F0xx/Include -I../Drivers/CMSIS/Include -O0 -ffunction-sections -fdata-sections -Wall -fstack-usage -MMD -MP -MF"Core/Src/main.d" -MT"Core/Src/main.o" --specs=nano.specs -mfloat-abi=soft -mthumb -o "Core/Src/main.o"
arm-none-eabi-gcc -o "cv_5.elf" @"objects.list"   -mcpu=cortex-m0 -T"V:\MKS\MKS\cv_5\STM32F030R8TX_FLASH.ld" --specs=nosys.specs -Wl,-Map="cv_5.map" -Wl,--gc-sections -static --specs=nano.specs -mfloat-abi=soft -mthumb -Wl,--start-group -lc -lm -Wl,--end-group
Finished building target: cv_5.elf
 
arm-none-eabi-size   cv_5.elf 
arm-none-eabi-objdump -h -S  cv_5.elf  > "cv_5.list"
   text	   data	    bss	    dec	    hex	filename
  21736	    120	   2200	  24056	   5df8	cv_5.elf
Finished building: default.size.stdout
 
Finished building: cv_5.list
 
16:27:36 **** Incremental Build of configuration Debug for project cv_5 ****
make -j4 all 
arm-none-eabi-gcc "../Core/Src/main.c" -mcpu=cortex-m0 -std=gnu11 -g3 -DDEBUG -DUSE_HAL_DRIVER -DSTM32F030x8 -c -I../Core/Inc -I../Drivers/STM32F0xx_HAL_Driver/Inc -I../Drivers/STM32F0xx_HAL_Driver/Inc/Legacy -I../Drivers/CMSIS/Device/ST/STM32F0xx/Include -I../Drivers/CMSIS/Include -O0 -ffunction-sections -fdata-sections -Wall -fstack-usage -MMD -MP -MF"Core/Src/main.d" -MT"Core/Src/main.o" --specs=nano.specs -mfloat-abi=soft -mthumb -o "Core/Src/main.o"
arm-none-eabi-gcc -o "cv_5.elf" @"objects.list"   -mcpu=cortex-m0 -T"V:\MKS\MKS\cv_5\STM32F030R8TX_FLASH.ld" --specs=nosys.specs -Wl,-Map="cv_5.map" -Wl,--gc-sections -static --specs=nano.specs -mfloat-abi=soft -mthumb -Wl,--start-group -lc -lm -Wl,--end-group
Finished building target: cv_5.elf
 
arm-none-eabi-size   cv_5.elf 
arm-none-eabi-objdump -h -S  cv_5.elf  > "cv_5.list"
   text	   data	    bss	    dec	    hex	filename
  21736	    120	   2200	  24056	   5df8	cv_5.elf
Finished building: default.size.stdout
 
Finished building: cv_5.list
 
16:31:59 **** Incremental Build of configuration Debug for project cv_5 ****
make -j4 all 
arm-none-eabi-gcc "../Core/Src/main.c" -mcpu=cortex-m0 -std=gnu11 -g3 -DDEBUG -DUSE_HAL_DRIVER -DSTM32F030x8 -c -I../Core/Inc -I../Drivers/STM32F0xx_HAL_Driver/Inc -I../Drivers/STM32F0xx_HAL_Driver/Inc/Legacy -I../Drivers/CMSIS/Device/ST/STM32F0xx/Include -I../Drivers/CMSIS/Include -O0 -ffunction-sections -fdata-sections -Wall -fstack-usage -MMD -MP -MF"Core/Src/main.d" -MT"Core/Src/main.o" --specs=nano.specs -mfloat-abi=soft -mthumb -o "Core/Src/main.o"
../Core/Src/main.c: In function 'uart_process_command':
../Core/Src/main.c:151:3: error: variable-sized object may not be initialized
  151 |   static uint8_t value[read_num_of_bytes] = 0;
      |   ^~~~~~
../Core/Src/main.c:151:18: error: storage size of 'value' isn't constant
  151 |   static uint8_t value[read_num_of_bytes] = 0;
      |                  ^~~~~
../Core/Src/main.c:153:41: error: 'i' undeclared (first use in this function)
  153 |   HAL_I2C_Mem_Read(&hi2c1, EEPROM_ADDR, i, I2C_MEMADD_SIZE_16BIT, &value, read_num_of_bytes, 1000); // bus name, device address, memory address, memory indexing method, where to save the read data, number of bytes to read, timeout
      |                                         ^
../Core/Src/main.c:153:41: note: each undeclared identifier is reported only once for each function it appears in
../Core/Src/main.c:151:18: warning: unused variable 'value' [-Wunused-variable]
  151 |   static uint8_t value[read_num_of_bytes] = 0;
      |                  ^~~~~
make: *** [Core/Src/subdir.mk:34: Core/Src/main.o] Error 1
"make -j4 all" terminated with exit code 2. Build might be incomplete.
16:32:39 **** Incremental Build of configuration Debug for project cv_5 ****
make -j4 all 
arm-none-eabi-gcc "../Core/Src/main.c" -mcpu=cortex-m0 -std=gnu11 -g3 -DDEBUG -DUSE_HAL_DRIVER -DSTM32F030x8 -c -I../Core/Inc -I../Drivers/STM32F0xx_HAL_Driver/Inc -I../Drivers/STM32F0xx_HAL_Driver/Inc/Legacy -I../Drivers/CMSIS/Device/ST/STM32F0xx/Include -I../Drivers/CMSIS/Include -O0 -ffunction-sections -fdata-sections -Wall -fstack-usage -MMD -MP -MF"Core/Src/main.d" -MT"Core/Src/main.o" --specs=nano.specs -mfloat-abi=soft -mthumb -o "Core/Src/main.o"
../Core/Src/main.c: In function 'uart_process_command':
../Core/Src/main.c:151:3: error: variable-sized object may not be initialized
  151 |   static uint8_t value[read_num_of_bytes] = 0;
      |   ^~~~~~
../Core/Src/main.c:151:18: error: storage size of 'value' isn't constant
  151 |   static uint8_t value[read_num_of_bytes] = 0;
      |                  ^~~~~
../Core/Src/main.c:151:18: warning: unused variable 'value' [-Wunused-variable]
make: *** [Core/Src/subdir.mk:34: Core/Src/main.o] Error 1
"make -j4 all" terminated with exit code 2. Build might be incomplete.
16:33:08 **** Incremental Build of configuration Debug for project cv_5 ****
make -j4 all 
arm-none-eabi-gcc "../Core/Src/main.c" -mcpu=cortex-m0 -std=gnu11 -g3 -DDEBUG -DUSE_HAL_DRIVER -DSTM32F030x8 -c -I../Core/Inc -I../Drivers/STM32F0xx_HAL_Driver/Inc -I../Drivers/STM32F0xx_HAL_Driver/Inc/Legacy -I../Drivers/CMSIS/Device/ST/STM32F0xx/Include -I../Drivers/CMSIS/Include -O0 -ffunction-sections -fdata-sections -Wall -fstack-usage -MMD -MP -MF"Core/Src/main.d" -MT"Core/Src/main.o" --specs=nano.specs -mfloat-abi=soft -mthumb -o "Core/Src/main.o"
../Core/Src/main.c: In function 'uart_process_command':
../Core/Src/main.c:151:18: error: storage size of 'value' isn't constant
  151 |   static uint8_t value[read_num_of_bytes];
      |                  ^~~~~
../Core/Src/main.c:151:18: warning: unused variable 'value' [-Wunused-variable]
make: *** [Core/Src/subdir.mk:34: Core/Src/main.o] Error 1
"make -j4 all" terminated with exit code 2. Build might be incomplete.
16:37:09 **** Incremental Build of configuration Debug for project cv_5 ****
make -j4 all 
arm-none-eabi-gcc "../Core/Src/main.c" -mcpu=cortex-m0 -std=gnu11 -g3 -DDEBUG -DUSE_HAL_DRIVER -DSTM32F030x8 -c -I../Core/Inc -I../Drivers/STM32F0xx_HAL_Driver/Inc -I../Drivers/STM32F0xx_HAL_Driver/Inc/Legacy -I../Drivers/CMSIS/Device/ST/STM32F0xx/Include -I../Drivers/CMSIS/Include -O0 -ffunction-sections -fdata-sections -Wall -fstack-usage -MMD -MP -MF"Core/Src/main.d" -MT"Core/Src/main.o" --specs=nano.specs -mfloat-abi=soft -mthumb -o "Core/Src/main.o"
../Core/Src/main.c: In function 'uart_process_command':
../Core/Src/main.c:153:67: warning: passing argument 5 of 'HAL_I2C_Mem_Read' from incompatible pointer type [-Wincompatible-pointer-types]
  153 |   HAL_I2C_Mem_Read(&hi2c1, EEPROM_ADDR, 0, I2C_MEMADD_SIZE_16BIT, &value, read_num_of_bytes, 1000); // bus name, device address, memory address, memory indexing method, where to save the read data, number of bytes to read, timeout
      |                                                                   ^~~~~~
      |                                                                   |
      |                                                                   uint8_t (*)[16] {aka unsigned char (*)[16]}
In file included from ../Core/Inc/stm32f0xx_hal_conf.h:241,
                 from ../Drivers/STM32F0xx_HAL_Driver/Inc/stm32f0xx_hal.h:30,
                 from ../Core/Inc/main.h:30,
                 from ../Core/Src/main.c:20:
../Drivers/STM32F0xx_HAL_Driver/Inc/stm32f0xx_hal_i2c.h:633:66: note: expected 'uint8_t *' {aka 'unsigned char *'} but argument is of type 'uint8_t (*)[16]' {aka 'unsigned char (*)[16]'}
  633 |                                    uint16_t MemAddSize, uint8_t *pData, uint16_t Size, uint32_t Timeout);
      |                                                         ~~~~~~~~~^~~~~
../Core/Src/main.c:158:37: warning: format '%X' expects argument of type 'unsigned int', but argument 2 has type 'uint8_t *' {aka 'unsigned char *'} [-Wformat=]
  158 |    if ((i + 1) % 8 == 0) printf("%02X \n", value);
      |                                  ~~~^      ~~~~~
      |                                     |      |
      |                                     |      uint8_t * {aka unsigned char *}
      |                                     unsigned int
      |                                  %02hhn
../Core/Src/main.c:159:20: warning: format '%X' expects argument of type 'unsigned int', but argument 2 has type 'uint8_t *' {aka 'unsigned char *'} [-Wformat=]
  159 |    else printf("%02X ", value);
      |                 ~~~^    ~~~~~
      |                    |    |
      |                    |    uint8_t * {aka unsigned char *}
      |                    unsigned int
      |                 %02hhn
arm-none-eabi-gcc -o "cv_5.elf" @"objects.list"   -mcpu=cortex-m0 -T"V:\MKS\MKS\cv_5\STM32F030R8TX_FLASH.ld" --specs=nosys.specs -Wl,-Map="cv_5.map" -Wl,--gc-sections -static --specs=nano.specs -mfloat-abi=soft -mthumb -Wl,--start-group -lc -lm -Wl,--end-group
Finished building target: cv_5.elf
 
arm-none-eabi-size   cv_5.elf 
arm-none-eabi-objdump -h -S  cv_5.elf  > "cv_5.list"
   text	   data	    bss	    dec	    hex	filename
  21556	    120	   2216	  23892	   5d54	cv_5.elf
Finished building: default.size.stdout
 
Finished building: cv_5.list
 
16:41:14 **** Incremental Build of configuration Debug for project cv_5 ****
make -j4 all 
arm-none-eabi-gcc "../Core/Src/main.c" -mcpu=cortex-m0 -std=gnu11 -g3 -DDEBUG -DUSE_HAL_DRIVER -DSTM32F030x8 -c -I../Core/Inc -I../Drivers/STM32F0xx_HAL_Driver/Inc -I../Drivers/STM32F0xx_HAL_Driver/Inc/Legacy -I../Drivers/CMSIS/Device/ST/STM32F0xx/Include -I../Drivers/CMSIS/Include -O0 -ffunction-sections -fdata-sections -Wall -fstack-usage -MMD -MP -MF"Core/Src/main.d" -MT"Core/Src/main.o" --specs=nano.specs -mfloat-abi=soft -mthumb -o "Core/Src/main.o"
arm-none-eabi-gcc -o "cv_5.elf" @"objects.list"   -mcpu=cortex-m0 -T"V:\MKS\MKS\cv_5\STM32F030R8TX_FLASH.ld" --specs=nosys.specs -Wl,-Map="cv_5.map" -Wl,--gc-sections -static --specs=nano.specs -mfloat-abi=soft -mthumb -Wl,--start-group -lc -lm -Wl,--end-group
Finished building target: cv_5.elf
 
arm-none-eabi-size   cv_5.elf 
arm-none-eabi-objdump -h -S  cv_5.elf  > "cv_5.list"
   text	   data	    bss	    dec	    hex	filename
  21564	    120	   2200	  23884	   5d4c	cv_5.elf
Finished building: default.size.stdout
 
Finished building: cv_5.list
 
16:42:00 **** Incremental Build of configuration Debug for project cv_5 ****
make -j4 all 
arm-none-eabi-gcc "../Core/Src/main.c" -mcpu=cortex-m0 -std=gnu11 -g3 -DDEBUG -DUSE_HAL_DRIVER -DSTM32F030x8 -c -I../Core/Inc -I../Drivers/STM32F0xx_HAL_Driver/Inc -I../Drivers/STM32F0xx_HAL_Driver/Inc/Legacy -I../Drivers/CMSIS/Device/ST/STM32F0xx/Include -I../Drivers/CMSIS/Include -O0 -ffunction-sections -fdata-sections -Wall -fstack-usage -MMD -MP -MF"Core/Src/main.d" -MT"Core/Src/main.o" --specs=nano.specs -mfloat-abi=soft -mthumb -o "Core/Src/main.o"
arm-none-eabi-gcc -o "cv_5.elf" @"objects.list"   -mcpu=cortex-m0 -T"V:\MKS\MKS\cv_5\STM32F030R8TX_FLASH.ld" --specs=nosys.specs -Wl,-Map="cv_5.map" -Wl,--gc-sections -static --specs=nano.specs -mfloat-abi=soft -mthumb -Wl,--start-group -lc -lm -Wl,--end-group
Finished building target: cv_5.elf
 
arm-none-eabi-size   cv_5.elf 
arm-none-eabi-objdump -h -S  cv_5.elf  > "cv_5.list"
   text	   data	    bss	    dec	    hex	filename
  21564	    120	   2200	  23884	   5d4c	cv_5.elf
Finished building: default.size.stdout
 
Finished building: cv_5.list
 
16:42:28 **** Incremental Build of configuration Debug for project cv_5 ****
make -j4 all 
arm-none-eabi-gcc "../Core/Src/main.c" -mcpu=cortex-m0 -std=gnu11 -g3 -DDEBUG -DUSE_HAL_DRIVER -DSTM32F030x8 -c -I../Core/Inc -I../Drivers/STM32F0xx_HAL_Driver/Inc -I../Drivers/STM32F0xx_HAL_Driver/Inc/Legacy -I../Drivers/CMSIS/Device/ST/STM32F0xx/Include -I../Drivers/CMSIS/Include -O0 -ffunction-sections -fdata-sections -Wall -fstack-usage -MMD -MP -MF"Core/Src/main.d" -MT"Core/Src/main.o" --specs=nano.specs -mfloat-abi=soft -mthumb -o "Core/Src/main.o"
arm-none-eabi-gcc -o "cv_5.elf" @"objects.list"   -mcpu=cortex-m0 -T"V:\MKS\MKS\cv_5\STM32F030R8TX_FLASH.ld" --specs=nosys.specs -Wl,-Map="cv_5.map" -Wl,--gc-sections -static --specs=nano.specs -mfloat-abi=soft -mthumb -Wl,--start-group -lc -lm -Wl,--end-group
Finished building target: cv_5.elf
 
arm-none-eabi-size   cv_5.elf 
arm-none-eabi-objdump -h -S  cv_5.elf  > "cv_5.list"
   text	   data	    bss	    dec	    hex	filename
  21572	    120	   2200	  23892	   5d54	cv_5.elf
Finished building: default.size.stdout
 
Finished building: cv_5.list
 
16:45:51 **** Incremental Build of configuration Debug for project cv_5 ****
make -j4 all 
arm-none-eabi-gcc "../Core/Src/main.c" -mcpu=cortex-m0 -std=gnu11 -g3 -DDEBUG -DUSE_HAL_DRIVER -DSTM32F030x8 -c -I../Core/Inc -I../Drivers/STM32F0xx_HAL_Driver/Inc -I../Drivers/STM32F0xx_HAL_Driver/Inc/Legacy -I../Drivers/CMSIS/Device/ST/STM32F0xx/Include -I../Drivers/CMSIS/Include -O0 -ffunction-sections -fdata-sections -Wall -fstack-usage -MMD -MP -MF"Core/Src/main.d" -MT"Core/Src/main.o" --specs=nano.specs -mfloat-abi=soft -mthumb -o "Core/Src/main.o"
arm-none-eabi-gcc -o "cv_5.elf" @"objects.list"   -mcpu=cortex-m0 -T"V:\MKS\MKS\cv_5\STM32F030R8TX_FLASH.ld" --specs=nosys.specs -Wl,-Map="cv_5.map" -Wl,--gc-sections -static --specs=nano.specs -mfloat-abi=soft -mthumb -Wl,--start-group -lc -lm -Wl,--end-group
Finished building target: cv_5.elf
 
arm-none-eabi-size   cv_5.elf 
arm-none-eabi-objdump -h -S  cv_5.elf  > "cv_5.list"
   text	   data	    bss	    dec	    hex	filename
  21560	    120	   2200	  23880	   5d48	cv_5.elf
Finished building: default.size.stdout
 
Finished building: cv_5.list
 
16:47:55 **** Incremental Build of configuration Debug for project cv_5 ****
make -j4 all 
arm-none-eabi-gcc "../Core/Src/main.c" -mcpu=cortex-m0 -std=gnu11 -g3 -DDEBUG -DUSE_HAL_DRIVER -DSTM32F030x8 -c -I../Core/Inc -I../Drivers/STM32F0xx_HAL_Driver/Inc -I../Drivers/STM32F0xx_HAL_Driver/Inc/Legacy -I../Drivers/CMSIS/Device/ST/STM32F0xx/Include -I../Drivers/CMSIS/Include -O0 -ffunction-sections -fdata-sections -Wall -fstack-usage -MMD -MP -MF"Core/Src/main.d" -MT"Core/Src/main.o" --specs=nano.specs -mfloat-abi=soft -mthumb -o "Core/Src/main.o"
arm-none-eabi-gcc -o "cv_5.elf" @"objects.list"   -mcpu=cortex-m0 -T"V:\MKS\MKS\cv_5\STM32F030R8TX_FLASH.ld" --specs=nosys.specs -Wl,-Map="cv_5.map" -Wl,--gc-sections -static --specs=nano.specs -mfloat-abi=soft -mthumb -Wl,--start-group -lc -lm -Wl,--end-group
Finished building target: cv_5.elf
 
arm-none-eabi-size   cv_5.elf 
arm-none-eabi-objdump -h -S  cv_5.elf  > "cv_5.list"
   text	   data	    bss	    dec	    hex	filename
  21572	    120	   2200	  23892	   5d54	cv_5.elf
Finished building: default.size.stdout
 
Finished building: cv_5.list
 
16:57:54 **** Incremental Build of configuration Debug for project cv_5 ****
make -j4 all 
arm-none-eabi-gcc "../Core/Src/main.c" -mcpu=cortex-m0 -std=gnu11 -g3 -DDEBUG -DUSE_HAL_DRIVER -DSTM32F030x8 -c -I../Core/Inc -I../Drivers/STM32F0xx_HAL_Driver/Inc -I../Drivers/STM32F0xx_HAL_Driver/Inc/Legacy -I../Drivers/CMSIS/Device/ST/STM32F0xx/Include -I../Drivers/CMSIS/Include -O0 -ffunction-sections -fdata-sections -Wall -fstack-usage -MMD -MP -MF"Core/Src/main.d" -MT"Core/Src/main.o" --specs=nano.specs -mfloat-abi=soft -mthumb -o "Core/Src/main.o"
arm-none-eabi-gcc -o "cv_5.elf" @"objects.list"   -mcpu=cortex-m0 -T"V:\MKS\MKS\cv_5\STM32F030R8TX_FLASH.ld" --specs=nosys.specs -Wl,-Map="cv_5.map" -Wl,--gc-sections -static --specs=nano.specs -mfloat-abi=soft -mthumb -Wl,--start-group -lc -lm -Wl,--end-group
Finished building target: cv_5.elf
 
arm-none-eabi-size   cv_5.elf 
arm-none-eabi-objdump -h -S  cv_5.elf  > "cv_5.list"
   text	   data	    bss	    dec	    hex	filename
  21572	    120	   2200	  23892	   5d54	cv_5.elf
Finished building: default.size.stdout
 
Finished building: cv_5.list
 
