12:37:25 **** Build of configuration Debug for project cv1 ****
make -j4 all 
arm-none-eabi-gcc -mcpu=cortex-m0 -g3 -DDEBUG -c -x assembler-with-cpp -MMD -MP -MF"Startup/startup_stm32f030r8tx.d" -MT"Startup/startup_stm32f030r8tx.o" --specs=nano.specs -mfloat-abi=soft -mthumb -o "Startup/startup_stm32f030r8tx.o" "../Startup/startup_stm32f030r8tx.s"
arm-none-eabi-gcc "../Src/main.c" -mcpu=cortex-m0 -std=gnu11 -g3 -DDEBUG -DSTM32F030x8 -DSTM32F030R8Tx -DSTM32 -DSTM32F0 -DNUCLEO_F030R8 -c -I../Inc -I"V:/MKS/MKS/cv1/Device/ST/STM32F0xx/Include" -I"V:/MKS/MKS/cv1/Include" -O0 -ffunction-sections -fdata-sections -Wall -fstack-usage -MMD -MP -MF"Src/main.d" -MT"Src/main.o" --specs=nano.specs -mfloat-abi=soft -mthumb -o "Src/main.o"
arm-none-eabi-gcc "../Src/syscalls.c" -mcpu=cortex-m0 -std=gnu11 -g3 -DDEBUG -DSTM32F030x8 -DSTM32F030R8Tx -DSTM32 -DSTM32F0 -DNUCLEO_F030R8 -c -I../Inc -I"V:/MKS/MKS/cv1/Device/ST/STM32F0xx/Include" -I"V:/MKS/MKS/cv1/Include" -O0 -ffunction-sections -fdata-sections -Wall -fstack-usage -MMD -MP -MF"Src/syscalls.d" -MT"Src/syscalls.o" --specs=nano.specs -mfloat-abi=soft -mthumb -o "Src/syscalls.o"
arm-none-eabi-gcc "../Src/sysmem.c" -mcpu=cortex-m0 -std=gnu11 -g3 -DDEBUG -DSTM32F030x8 -DSTM32F030R8Tx -DSTM32 -DSTM32F0 -DNUCLEO_F030R8 -c -I../Inc -I"V:/MKS/MKS/cv1/Device/ST/STM32F0xx/Include" -I"V:/MKS/MKS/cv1/Include" -O0 -ffunction-sections -fdata-sections -Wall -fstack-usage -MMD -MP -MF"Src/sysmem.d" -MT"Src/sysmem.o" --specs=nano.specs -mfloat-abi=soft -mthumb -o "Src/sysmem.o"
arm-none-eabi-gcc "../Src/system_stm32f0xx.c" -mcpu=cortex-m0 -std=gnu11 -g3 -DDEBUG -DSTM32F030x8 -DSTM32F030R8Tx -DSTM32 -DSTM32F0 -DNUCLEO_F030R8 -c -I../Inc -I"V:/MKS/MKS/cv1/Device/ST/STM32F0xx/Include" -I"V:/MKS/MKS/cv1/Include" -O0 -ffunction-sections -fdata-sections -Wall -fstack-usage -MMD -MP -MF"Src/system_stm32f0xx.d" -MT"Src/system_stm32f0xx.o" --specs=nano.specs -mfloat-abi=soft -mthumb -o "Src/system_stm32f0xx.o"
arm-none-eabi-gcc -o "cv1.elf" @"objects.list"   -mcpu=cortex-m0 -T"V:\MKS\MKS\cv1\STM32F030R8TX_FLASH.ld" --specs=nosys.specs -Wl,-Map="cv1.map" -Wl,--gc-sections -static --specs=nano.specs -mfloat-abi=soft -mthumb -Wl,--start-group -lc -lm -Wl,--end-group
Finished building target: cv1.elf
 
arm-none-eabi-size   cv1.elf 
arm-none-eabi-objdump -h -S  cv1.elf  > "cv1.list"
   text	   data	    bss	    dec	    hex	filename
    588	      8	   1568	   2164	    874	cv1.elf
Finished building: default.size.stdout
 
Finished building: cv1.list
 
